C251 COMPILER V5.60.0,  main                                                               29/11/24  15:02:27  PAGE 1   


C251 COMPILER V5.60.0, COMPILATION OF MODULE main
OBJECT MODULE PLACED IN main.OBJ
COMPILER INVOKED BY: D:\Keil_v5\C251\BIN\C251.EXE main.c XSMALL INTR2 BROWSE INCDIR(.\HARDWARE\LCD) DEBUG

stmt  level    source

    1          /*---------------------------------------------------------------------*/
    2          /* --- STC MCU Limited ------------------------------------------------*/
    3          /* --- STC 1T Series MCU Demo Programme -------------------------------*/
    4          /* --- Mobile: (86)13922805190 ----------------------------------------*/
    5          /* --- Fax: 86-0513-55012956,55012947,55012969 ------------------------*/
    6          /* --- Tel: 86-0513-55012928,55012929,55012966 ------------------------*/
    7          /* --- Web: www.STCAI.com ---------------------------------------------*/
    8          /* --- BBS: www.STCAIMCU.com  -----------------------------------------*/
    9          /* --- QQ:  800003751 -------------------------------------------------*/
   10          /* 如果要在程序中使用此代码,请在程序中注明使用了STC的资料及程序            */
   11          /*---------------------------------------------------------------------*/
   12          
   13          /*************  功能说明    **************
   14          
   15          本例程基于STC32G为主控芯片的实验箱进行编写测试。
   16          
   17          使用Keil C251编译器，Memory Model推荐设置XSmall模式，默认定义变量在edata，单时钟存取访问速度快。
   18          
   19          edata建议保留1K给堆栈使用，空间不够时可将大数组、不常用变量加xdata关键字定义到xdata空间。
   20          
   21          单纯的IO口初始化，端口模式配置参考程序.
   22          
   23          下载时, 选择时钟 12MHz (用户可自行修改频率).
   24          
   25          //  功能描述   : LCD SPI演示例程
   26          //               GND  电源地
   27          //               VCC  3.3V电源
   28          //               SCLK P1^0
   29          //               MOSI P1^1
   30          //               RES  P1^2
   31          //               DC   P1^3
   32          //               CS   P1^4
   33          
   34          ******************************************/
   35          
   36          //#include "comm\STC32G.h"
   37          
   38          #include "stdio.h"
   39          #include "intrins.h"
   40          
   41          #include "lcd.h"
   42          #include "pic.h"
   43          
   44          typedef         unsigned char   u8;
   45          typedef         unsigned int    u16;
   46          typedef         unsigned long   u32;
   47          
   48          
   49          
   50          /****************************** 用户定义宏 ***********************************/
   51          
   52          
   53          /*****************************************************************************/
   54          
   55          /*************  本地常量声明    **************/
   56          
   57          
   58          /*************  本地变量声明    **************/
   59          
C251 COMPILER V5.60.0,  main                                                               29/11/24  15:02:27  PAGE 2   

   60          
   61          /*************  本地函数声明    **************/
   62          
   63          
   64          /********************* 主函数 *************************/
   65          void main(void)
   66          {
   67   1          WTST = 0;  //设置程序指令延时参数，赋值为0可将CPU执行指令的速度设置为最快
   68   1          EAXFR = 1; //扩展寄存器(XFR)访问使能
   69   1          CKCON = 0; //提高访问XRAM速度
   70   1      
   71   1      
   72   1              P2M0 = 0x00; P2M1 = 0x00; 
   73   1      
   74   1              EA = 1;     //打开总中断
   75   1              LCD_Init();
   76   1      
   77   1         while(1)
   78   1          {
   79   2              LCD_Fill(0, 0, LCD_W, LCD_H, WHITE);
   80   2              LCD_ShowPicture(86, 0, 105, 56, gImage_1);
   81   2              LCD_ShowString(13, 60, "2.25 TFT RESOLUTION:284x76 DRIVER IC:ST7789", RED, WHITE, 12, 0);
   82   2              delay_ms(1000);
   83   2              LCD_Fill(0, 0, LCD_W, LCD_H, WHITE);
   84   2              LCD_Fill(0, 0, 37, LCD_H, RED);
   85   2              LCD_Fill(37, 0, 72, LCD_H, GREEN);
   86   2              LCD_Fill(72, 0, 107, LCD_H, BLUE);
   87   2              LCD_Fill(107, 0, 142, LCD_H, YELLOW);
   88   2              LCD_Fill(142, 0, 177, LCD_H, WHITE);
   89   2              LCD_Fill(177, 0, 209, LCD_H, GRAY);
   90   2              LCD_Fill(209, 0, 244, LCD_H, BLACK);
   91   2              LCD_Fill(244, 0, 284, LCD_H, MAGENTA);
   92   2              delay_ms(1000);
   93   2              LCD_Fill(0, 0, LCD_W / 2, LCD_H / 2, RED);
   94   2              LCD_Fill(LCD_W / 2, 0, LCD_W, LCD_H / 2, GREEN);
   95   2              LCD_Fill(0, LCD_H / 2, LCD_W / 2, LCD_H, BLUE);
   96   2              LCD_Fill(LCD_W / 2, LCD_H / 2, LCD_W, LCD_H, WHITE);
   97   2              delay_ms(1000);
   98   2                      LCD_Fill(0, 0, LCD_W, LCD_H, WHITE);
   99   2                      LCD_ShowPicture(5, 5, 76, 62, tuolaji);
  100   2                      LCD_ShowChinese(100,35,"欢迎使用东方红农业装备",RED,WHITE,16,0);
  101   2                      
  102   2                      delay_ms(5000);
  103   2          }
  104   1      }


Module Information          Static   Overlayable
------------------------------------------------
  code size            =     12318     ------
  ecode size           =    ------     ------
  data size            =    ------     ------
  idata size           =    ------     ------
  pdata size           =    ------     ------
  xdata size           =    ------     ------
  xdata-const size     =    ------     ------
  edata size           =    ------     ------
  bit size             =    ------     ------
  ebit size            =    ------     ------
  bitaddressable size  =    ------     ------
  ebitaddressable size =    ------     ------
  far data size        =    ------     ------
  huge data size       =    ------     ------
  const size           =    ------     ------
  hconst size          =      9491     ------
End of Module Information.


C251 COMPILATION COMPLETE.  0 WARNING(S),  0 ERROR(S)
