L251 LINKER/LOCATER V4.66.93.0                                                          11/29/2024  10:57:16  PAGE 1


L251 LINKER/LOCATER V4.66.93.0, INVOKED BY:
D:\KEIL_V5\C251\BIN\L251.EXE main.obj, lcd.obj, lcd_init.obj, spi.obj TO STC-LCD-ZJY225KP CASE CLASSES (EDATA (0X0-0XFFF
>> ), HDATA (0X0-0XFFF))


CPU MODE:     251 SOURCE MODE
MEMORY MODEL: XSMALL WITH FLOATING POINT ARITHMETIC


INPUT MODULES INCLUDED:
  main.obj (main)
         COMMENT TYPE 0: C251 V5.60.0
  lcd.obj (lcd)
         COMMENT TYPE 0: C251 V5.60.0
  lcd_init.obj (lcd_init)
         COMMENT TYPE 0: C251 V5.60.0
  spi.obj (spi)
         COMMENT TYPE 0: C251 V5.60.0
  D:\KEIL_V5\C251\LIB\C2SFPXS.LIB (?C?FPMUL)
         COMMENT TYPE 0: A251 V4.69.6.0
  D:\KEIL_V5\C251\LIB\C2SFPXS.LIB (?C?FCAST)
         COMMENT TYPE 0: A251 V4.69.6.0
  D:\KEIL_V5\C251\LIB\C2SFPXS.LIB (?C?CASTF)
         COMMENT TYPE 0: A251 V4.69.6.0
  D:\KEIL_V5\C251\LIB\C2SFPXS.LIB (?C?FPGETOPN)
         COMMENT TYPE 0: A251 V4.69.6.0
  D:\KEIL_V5\C251\LIB\C2SXS.LIB (?C_START)
         COMMENT TYPE 0: A251 V4.69.6.0
  D:\KEIL_V5\C251\LIB\C2SXS.LIB (?C?SIDIV)
         COMMENT TYPE 0: A251 V4.69.6.0
  D:\KEIL_V5\C251\LIB\C2SXS.LIB (?C?LMUL)
         COMMENT TYPE 0: A251 V4.69.6.0
  D:\KEIL_V5\C251\LIB\C2SXS.LIB (?C?ULDIV)
         COMMENT TYPE 0: A251 V4.69.6.0
  D:\KEIL_V5\C251\LIB\C2SXS.LIB (STRLEN)
         COMMENT TYPE 0: C251 V5.58.7


ACTIVE MEMORY CLASSES OF MODULE:  STC-LCD-ZJY225KP (main)

BASE        START       END         USED      MEMORY CLASS
==========================================================
000000H     000000H     000FFFH     000196H   EDATA
000000H     000000H     000FFFH               HDATA
000000H     FF0000H     FFFFFFH     00002CH   HCONST
FF0000H     FF0000H     FFFFFFH     0084BAH   CODE
000000H     000000H     00007FH     000008H   DATA


MEMORY MAP OF MODULE:  STC-LCD-ZJY225KP (main)


START     STOP      LENGTH    ALIGN  RELOC    MEMORY CLASS   SEGMENT NAME
=========================================================================
000000H   000007H   000008H   ---    AT..     DATA           "REG BANK 0"
000008H   00002AH   000023H   BYTE   UNIT     EDATA          _EDATA_GROUP_
00002BH   000043H   000019H   BYTE   UNIT     EDATA          ?ED?LCD_SHOWFLOATNUM?LCD
000044H   000055H   000012H   BYTE   UNIT     EDATA          ?ED?LCD_DRAWLINE?LCD
000056H   000064H   00000FH   BYTE   UNIT     EDATA          ?ED?LCD_SHOWNUM?LCD
000065H   000071H   00000DH   BYTE   UNIT     EDATA          ?ED?LCD_SHOWSTR?LCD
000072H   00007DH   00000CH   BYTE   UNIT     EDATA          ?ED?LCD_DRAWCIRCLE?LCD
00007EH   000087H   00000AH   BYTE   UNIT     EDATA          ?ED?LCD_DRAWTRIANGEL?LCD
000088H   00008FH   000008H   BYTE   UNIT     EDATA          ?ED?LCD_STRCENTER?LCD
000090H   000095H   000006H   BYTE   UNIT     EDATA          ?ED?LCD_DRAWRECTANGLE?LCD
000096H   00009BH   000006H   BYTE   UNIT     EDATA          ?ED?DRAW_CIRCLE?LCD
00009CH   00009DH   000002H   BYTE   UNIT     EDATA          ?ED?LCD_DRAWFILLRECTANGLE?LCD
L251 LINKER/LOCATER V4.66.93.0                                                        11/29/2024  10:57:16  PAGE 2


00009EH   00019DH   000100H   BYTE   UNIT     EDATA          ?STACK
00019EH   FEFFFFH   FEFE62H   ---    ---      **GAP**
FF0000H   FF0002H   000003H   ---    OFFS..   CODE           ?CO?start251?4
FF0003H   FF3DB5H   003DB3H   BYTE   UNIT     CODE           ?CO?LCD
FF3DB6H   FF6BA5H   002DF0H   BYTE   UNIT     CODE           ?CO?MAIN
FF6BA6H   FF6DB6H   000211H   BYTE   INSEG    CODE           ?PR?MAIN?MAIN
FF6DB7H   FF6FB7H   000201H   BYTE   UNIT     CODE           ?C?LIB_CODE
FF6FB8H   FF718BH   0001D4H   BYTE   INSEG    CODE           ?PR?LCD_SHOWCHINESE12X12?LCD
FF718CH   FF735FH   0001D4H   BYTE   INSEG    CODE           ?PR?LCD_SHOWCHINESE32X32?LCD
FF7360H   FF7533H   0001D4H   BYTE   INSEG    CODE           ?PR?LCD_SHOWCHINESE24X24?LCD
FF7534H   FF7707H   0001D4H   BYTE   INSEG    CODE           ?PR?LCD_SHOWCHINESE16X16?LCD
FF7708H   FF78B7H   0001B0H   BYTE   INSEG    CODE           ?PR?LCD_SHOWSTR?LCD
FF78B8H   FF7A60H   0001A9H   BYTE   INSEG    CODE           ?PR?LCD_SHOWCHAR?LCD
FF7A61H   FF7BD1H   000171H   BYTE   INSEG    CODE           ?PR?LCD_INIT?LCD_INIT
FF7BD2H   FF7CF6H   000125H   BYTE   INSEG    CODE           ?PR?LCD_DRAWCIRCLE?LCD
FF7CF7H   FF7E09H   000113H   BYTE   INSEG    CODE           ?PR?LCD_SHOWFLOATNUM?LCD
FF7E0AH   FF7F07H   0000FEH   BYTE   INSEG    CODE           ?PR?LCD_DRAWLINE?LCD
FF7F08H   FF7FF4H   0000EDH   BYTE   INSEG    CODE           ?PR?LCD_SHOWCHINESE?LCD
FF7FF5H   FF80D5H   0000E1H   BYTE   INSEG    CODE           ?PR?LCD_SHOWNUM?LCD
FF80D6H   FF817EH   0000A9H   BYTE   INSEG    CODE           ?PR?DRAW_CIRCLE?LCD
FF817FH   FF81FBH   00007DH   BYTE   INSEG    CODE           ?PR?LCD_SHOWPICTURE?LCD
FF81FCH   FF8262H   000067H   BYTE   INSEG    CODE           ?PR?LCD_DRAWRECTANGLE?LCD
FF8263H   FF82C6H   000064H   BYTE   INSEG    CODE           ?PR?LCD_SHOWSTRING?LCD
FF82C7H   FF831CH   000056H   BYTE   INSEG    CODE           ?PR?LCD_DRAWTRIANGEL?LCD
FF831DH   FF836BH   00004FH   BYTE   INSEG    CODE           ?PR?LCD_FILL?LCD_INIT
FF836CH   FF83B3H   000048H   BYTE   INSEG    CODE           ?PR?LCD_ADDRESS_SET?LCD_INIT
FF83B4H   FF83FAH   000047H   BYTE   INSEG    CODE           ?PR?LCD_STRCENTER?LCD
FF83FBH   FF8419H   00001FH   BYTE   INSEG    CODE           ?PR?LCD_WR_BUS?SPI
FF841AH   FF8433H   00001AH   BYTE   INSEG    CODE           ?PR?MYPOW?LCD
FF8434H   FF844AH   000017H   BYTE   INSEG    CODE           ?PR?DELAY_MS?LCD_INIT
FF844BH   FF845DH   000013H   BYTE   UNIT     CODE           ?C_C51STARTUP
FF845EH   FF8460H   000003H   BYTE   UNIT     CODE           ?C_C51STARTUP?3
FF8461H   FF8475H   000015H   BYTE   INSEG    CODE           ?PR?LCD_WR_DATA?SPI
FF8476H   FF8484H   00000FH   BYTE   INSEG    CODE           ?PR?LCD_DRAWPOINT?LCD
FF8485H   FF8493H   00000FH   BYTE   INSEG    CODE           ?PR?LCD_DRAWFILLRECTANGLE?LCD
FF8494H   FF84A1H   00000EH   BYTE   INSEG    CODE           ?PR?STRLEN?_?STRLEN
FF84A2H   FF84A9H   000008H   BYTE   INSEG    CODE           ?PR?LCD_WR_DATA8?SPI
FF84AAH   FF84B1H   000008H   BYTE   INSEG    CODE           ?PR?LCD_WR_REG?SPI
FF84B2H   FF84B8H   000007H   BYTE   INSEG    CODE           ?PR?LCD_SETCURSOR?LCD_INIT
FF84B9H   FF84B9H   000001H   BYTE   INSEG    CODE           ?PR?LCD_GPIOINIT?SPI
FF84BAH   FF84E5H   00002CH   BYTE   UNIT     HCONST         ?HC?MAIN



OVERLAY MAP OF MODULE:   STC-LCD-ZJY225KP (main)


FUNCTION/MODULE                EDATA_GROUP
--> CALLED FUNCTION/MODULE     START  STOP
==========================================
?C_C51STARTUP                  ----- -----

*** NEW ROOT *****************

?C_C51STARTUP?3                ----- -----
  +--> main/main

main/main                      ----- -----
  +--> LCD_Init/lcd_init
  +--> LCD_Fill/lcd_init
  +--> LCD_ShowPicture/lcd
  +--> LCD_ShowString/lcd
  +--> delay_ms/lcd_init
  +--> LCD_ShowChinese/lcd

L251 LINKER/LOCATER V4.66.93.0                                                        11/29/2024  10:57:16  PAGE 3


LCD_Init/lcd_init              ----- -----
  +--> LCD_GPIOInit/spi
  +--> delay_ms/lcd_init
  +--> LCD_WR_REG/spi
  +--> LCD_WR_DATA8/spi

LCD_GPIOInit/spi               ----- -----

delay_ms/lcd_init              ----- -----

LCD_WR_REG/spi                 ----- -----
  +--> LCD_WR_Bus/spi

LCD_WR_Bus/spi                 ----- -----

LCD_WR_DATA8/spi               ----- -----
  +--> LCD_WR_Bus/spi

LCD_Fill/lcd_init              0008H 0011H
  +--> LCD_Address_Set/lcd_init
  +--> LCD_WR_DATA/spi

LCD_Address_Set/lcd_init       0027H 002AH
  +--> LCD_WR_REG/spi
  +--> LCD_WR_DATA/spi

LCD_WR_DATA/spi                ----- -----
  +--> LCD_WR_Bus/spi

LCD_ShowPicture/lcd            0008H 0015H
  +--> LCD_Address_Set/lcd_init
  +--> LCD_WR_DATA/spi

LCD_ShowString/lcd             0008H 0012H
  +--> LCD_ShowChar/lcd

LCD_ShowChar/lcd               0013H 0023H
  +--> LCD_Address_Set/lcd_init
  +--> LCD_WR_DATA/spi
  +--> LCD_DrawPoint/lcd

LCD_DrawPoint/lcd              ----- -----
  +--> LCD_SetCursor/lcd_init
  +--> LCD_WR_DATA/spi

LCD_SetCursor/lcd_init         ----- -----
  +--> LCD_Address_Set/lcd_init

LCD_ShowChinese/lcd            0008H 0011H
  +--> LCD_ShowChinese12x12/lcd
  +--> LCD_ShowChinese16x16/lcd
  +--> LCD_ShowChinese24x24/lcd
  +--> LCD_ShowChinese32x32/lcd

LCD_ShowChinese12x12/lcd       0012H 0026H
  +--> LCD_Address_Set/lcd_init
  +--> LCD_WR_DATA/spi
  +--> LCD_DrawPoint/lcd

LCD_ShowChinese16x16/lcd       0012H 0026H
  +--> LCD_Address_Set/lcd_init
  +--> LCD_WR_DATA/spi
  +--> LCD_DrawPoint/lcd

LCD_ShowChinese24x24/lcd       0012H 0026H
L251 LINKER/LOCATER V4.66.93.0                                                        11/29/2024  10:57:16  PAGE 4


  +--> LCD_Address_Set/lcd_init
  +--> LCD_WR_DATA/spi
  +--> LCD_DrawPoint/lcd

LCD_ShowChinese32x32/lcd       0012H 0026H
  +--> LCD_Address_Set/lcd_init
  +--> LCD_WR_DATA/spi
  +--> LCD_DrawPoint/lcd



PUBLIC SYMBOLS OF MODULE:  STC-LCD-ZJY225KP (main)


      VALUE       CLASS    TYPE      PUBLIC SYMBOL NAME
      =================================================
      00FF6E94H   CODE     NEAR LAB  ?C?CASTF
      000000FFH   NUMBER   ---       ?C?CODESEG
      00FF6E61H   CODE     NEAR LAB  ?C?FCASTC
      00FF6E5CH   CODE     NEAR LAB  ?C?FCASTI
      00FF6E57H   CODE     NEAR LAB  ?C?FCASTL
      00FF6ED1H   CODE     ---       ?C?FPGETOPN2
      00FF6DB7H   CODE     ---       ?C?FPMUL
      00FF6F0EH   CODE     ---       ?C?FPNANRESULT
      00FF6F16H   CODE     ---       ?C?FPOVERFLOW
      00FF6EEAH   CODE     ---       ?C?FPRESULT
      00FF6F00H   CODE     ---       ?C?FPRESULT2
      00FF6F13H   CODE     ---       ?C?FPUNDERFLOW
      00FF6F54H   CODE     ---       ?C?LMUL
      00FF6F22H   CODE     ---       ?C?SIDIV
      00FF0000H   CODE     ---       ?C?STARTUP
      00FF6F67H   CODE     NEAR LAB  ?C?ULDIV
      00FF6F65H   CODE     NEAR LAB  ?C?ULIDIV
      00000001H   NUMBER   ---       ?C?XDATASEG
      00FF0000H   CODE     ---       ?C_STARTUP
      00000092H   EDATA    BYTE      ?Draw_Circle?BYTE
      0000006CH   EDATA    BYTE      ?LCD_DrawCircle?BYTE
      00000094H   EDATA    BYTE      ?LCD_DrawFillRectangle?BYTE
      0000003CH   EDATA    BYTE      ?LCD_DrawLine?BYTE
      0000008CH   EDATA    BYTE      ?LCD_DrawRectangle?BYTE
      0000007AH   EDATA    BYTE      ?LCD_DrawTriangel?BYTE
      00000004H   EDATA    BYTE      ?LCD_Fill?BYTE
      0000000FH   EDATA    BYTE      ?LCD_ShowChar?BYTE
      0000000EH   EDATA    BYTE      ?LCD_ShowChinese12x12?BYTE
      0000000EH   EDATA    BYTE      ?LCD_ShowChinese16x16?BYTE
      0000000EH   EDATA    BYTE      ?LCD_ShowChinese24x24?BYTE
      0000000EH   EDATA    BYTE      ?LCD_ShowChinese32x32?BYTE
      00000004H   EDATA    BYTE      ?LCD_ShowChinese?BYTE
      00000027H   EDATA    BYTE      ?LCD_ShowFloatNum?BYTE
      00000052H   EDATA    BYTE      ?LCD_ShowNum?BYTE
      00000000H   EDATA    BYTE      ?LCD_ShowPicture?BYTE
      00000061H   EDATA    BYTE      ?LCD_ShowStr?BYTE
      00000004H   EDATA    BYTE      ?LCD_ShowString?BYTE
      00000082H   EDATA    BYTE      ?LCD_StrCenter?BYTE
*SFR* 000000BCH   DATA     BYTE      ADC_CONTR
*SFR* 000000DEH   DATA     BYTE      ADCCFG
      00FF1B92H   CODE     ---       ascii_1206
      00FF37C6H   CODE     ---       ascii_1608
      00FF09C2H   CODE     ---       ascii_2412
      00FF2006H   CODE     ---       ascii_3216
*SFR* 000000EFH   DATA     BYTE      AUXINTIF
*SFR* 0000008EH   DATA     BYTE      AUXR
*SFR* 00000097H   DATA     BYTE      AUXR2
*SFR* 000000F1H   DATA     BYTE      CANICR
*SFR* 000000EAH   DATA     BYTE      CKCON
L251 LINKER/LOCATER V4.66.93.0                                                        11/29/2024  10:57:16  PAGE 5


*SFR* 000000E6H   DATA     BYTE      CMPCR1
*SFR* 000000E7H   DATA     BYTE      CMPCR2
      00FF8434H   CODE     ---       delay_ms
      00FF80D6H   CODE     ---       Draw_Circle
*SFR* 000000A8H.7 DATA     BIT       EA
*SFR* 000000BAH.7 DATA     BIT       EAXFR
      00FF3DB6H   CODE     ---       gImage_1
*SFR* 000000C7H   DATA     BYTE      IAP_CONTR
*SFR* 000000A8H   DATA     BYTE      IE
*SFR* 000000AFH   DATA     BYTE      IE2
*SFR* 0000008FH   DATA     BYTE      INTCLKO
*SFR* 000000B8H   DATA     BYTE      IP
*SFR* 000000B5H   DATA     BYTE      IP2
*SFR* 000000B6H   DATA     BYTE      IP2H
*SFR* 000000DFH   DATA     BYTE      IP3
*SFR* 000000EEH   DATA     BYTE      IP3H
*SFR* 000000B7H   DATA     BYTE      IPH
*SFR* 0000009DH   DATA     BYTE      IRCBAND
      00FF836CH   CODE     ---       LCD_Address_Set
*SFR* 000000A0H.5 DATA     BIT       LCD_BLK
*SFR* 000000A0H.4 DATA     BIT       LCD_CS
*SFR* 000000A0H.3 DATA     BIT       LCD_DC
      00FF7BD2H   CODE     ---       LCD_DrawCircle
      00FF8485H   CODE     ---       LCD_DrawFillRectangle
      00FF7E0AH   CODE     ---       LCD_DrawLine
      00FF8476H   CODE     ---       LCD_DrawPoint
      00FF81FCH   CODE     ---       LCD_DrawRectangle
      00FF82C7H   CODE     ---       LCD_DrawTriangel
      00FF831DH   CODE     ---       LCD_Fill
      00FF84B9H   CODE     ---       LCD_GPIOInit
      00FF7A61H   CODE     ---       LCD_Init
*SFR* 000000A0H.1 DATA     BIT       LCD_MOSI
*SFR* 000000A0H.2 DATA     BIT       LCD_RES
*SFR* 000000A0H.0 DATA     BIT       LCD_SCK
      00FF84B2H   CODE     ---       LCD_SetCursor
      00FF78B8H   CODE     ---       LCD_ShowChar
      00FF7F08H   CODE     ---       LCD_ShowChinese
      00FF6FB8H   CODE     ---       LCD_ShowChinese12x12
      00FF7534H   CODE     ---       LCD_ShowChinese16x16
      00FF7360H   CODE     ---       LCD_ShowChinese24x24
      00FF718CH   CODE     ---       LCD_ShowChinese32x32
      00FF7CF7H   CODE     ---       LCD_ShowFloatNum
      00FF7FF5H   CODE     ---       LCD_ShowNum
      00FF817FH   CODE     ---       LCD_ShowPicture
      00FF7708H   CODE     ---       LCD_ShowStr
      00FF8263H   CODE     ---       LCD_ShowString
      00FF83B4H   CODE     ---       LCD_StrCenter
      00FF83FBH   CODE     ---       LCD_WR_Bus
      00FF8461H   CODE     ---       LCD_WR_DATA
      00FF84A2H   CODE     ---       LCD_WR_DATA8
      00FF84AAH   CODE     ---       LCD_WR_REG
*SFR* 000000F9H   DATA     BYTE      LINICR
      00FF6BA6H   CODE     ---       main
      00FF841AH   CODE     ---       mypow
*SFR* 00000080H   DATA     BYTE      P0
*SFR* 00000090H   DATA     BYTE      P1
*SFR* 000000A0H   DATA     BYTE      P2
*SFR* 00000096H   DATA     BYTE      P2M0
*SFR* 00000095H   DATA     BYTE      P2M1
*SFR* 000000B0H   DATA     BYTE      P3
*SFR* 000000C0H   DATA     BYTE      P4
*SFR* 000000C8H   DATA     BYTE      P5
*SFR* 000000E8H   DATA     BYTE      P6
*SFR* 000000F8H   DATA     BYTE      P7
*SFR* 000000A2H   DATA     BYTE      P_SW1
L251 LINKER/LOCATER V4.66.93.0                                                        11/29/2024  10:57:16  PAGE 6


*SFR* 000000BAH   DATA     BYTE      P_SW2
*SFR* 000000BBH   DATA     BYTE      P_SW3
*SFR* 00000087H   DATA     BYTE      PCON
*SFR* 000000D0H   DATA     BYTE      PSW
*SFR* 000000FFH   DATA     BYTE      RSTCFG
*SFR* 0000009AH   DATA     BYTE      S2CON
*SFR* 000000ACH   DATA     BYTE      S3CON
*SFR* 000000FDH   DATA     BYTE      S4CON
*SFR* 00000098H   DATA     BYTE      SCON
*SFR* 000000CEH   DATA     BYTE      SPCTL
*SFR* 000000CDH   DATA     BYTE      SPSTAT
      00FF8494H   CODE     ---       strlen?_
*SFR* 000000DDH   DATA     BYTE      T4T3M
*SFR* 00000088H   DATA     BYTE      TCON
      00FF0003H   CODE     ---       tfont12
      00FF0490H   CODE     ---       tfont16
      00FF0319H   CODE     ---       tfont24
      00FF008AH   CODE     ---       tfont32
*SFR* 00000089H   DATA     BYTE      TMOD
*SFR* 000000F4H   DATA     BYTE      USBCON
*SFR* 000000C1H   DATA     BYTE      WDT_CONTR
*SFR* 000000E9H   DATA     BYTE      WTST



SYMBOL TABLE OF MODULE:  STC-LCD-ZJY225KP (main)

      VALUE       REP       CLASS    TYPE      SYMBOL NAME
      ====================================================
      ---         MODULE    ---      ---       main
      00FF6BA6H   PUBLIC    CODE     ---       main
      00FF3DB6H   PUBLIC    CODE     ---       gImage_1
      000000D0H   SFRSYM    DATA     BYTE      PSW
      000000BAH.7 SFRSYM    DATA     BIT       EAXFR
      0000009DH   SFRSYM    DATA     BYTE      IRCBAND
      00000097H   SFRSYM    DATA     BYTE      AUXR2
      000000EAH   SFRSYM    DATA     BYTE      CKCON
      000000EFH   SFRSYM    DATA     BYTE      AUXINTIF
      000000FDH   SFRSYM    DATA     BYTE      S4CON
      000000ACH   SFRSYM    DATA     BYTE      S3CON
      0000009AH   SFRSYM    DATA     BYTE      S2CON
      000000B7H   SFRSYM    DATA     BYTE      IPH
      000000CDH   SFRSYM    DATA     BYTE      SPSTAT
      000000DDH   SFRSYM    DATA     BYTE      T4T3M
      000000C1H   SFRSYM    DATA     BYTE      WDT_CONTR
      000000E9H   SFRSYM    DATA     BYTE      WTST
      000000DFH   SFRSYM    DATA     BYTE      IP3
      000000F4H   SFRSYM    DATA     BYTE      USBCON
      000000B5H   SFRSYM    DATA     BYTE      IP2
      000000FFH   SFRSYM    DATA     BYTE      RSTCFG
      000000C7H   SFRSYM    DATA     BYTE      IAP_CONTR
      000000F9H   SFRSYM    DATA     BYTE      LINICR
      0000008EH   SFRSYM    DATA     BYTE      AUXR
      000000AFH   SFRSYM    DATA     BYTE      IE2
      00000088H   SFRSYM    DATA     BYTE      TCON
      00000089H   SFRSYM    DATA     BYTE      TMOD
      00000098H   SFRSYM    DATA     BYTE      SCON
      000000F1H   SFRSYM    DATA     BYTE      CANICR
      00000087H   SFRSYM    DATA     BYTE      PCON
      000000BCH   SFRSYM    DATA     BYTE      ADC_CONTR
      000000E7H   SFRSYM    DATA     BYTE      CMPCR2
      000000E6H   SFRSYM    DATA     BYTE      CMPCR1
      000000DEH   SFRSYM    DATA     BYTE      ADCCFG
      000000B8H   SFRSYM    DATA     BYTE      IP
      0000008FH   SFRSYM    DATA     BYTE      INTCLKO
L251 LINKER/LOCATER V4.66.93.0                                                        11/29/2024  10:57:16  PAGE 7


      000000EEH   SFRSYM    DATA     BYTE      IP3H
      000000B6H   SFRSYM    DATA     BYTE      IP2H
      000000A8H   SFRSYM    DATA     BYTE      IE
      000000BBH   SFRSYM    DATA     BYTE      P_SW3
      000000BAH   SFRSYM    DATA     BYTE      P_SW2
      000000A2H   SFRSYM    DATA     BYTE      P_SW1
      000000CEH   SFRSYM    DATA     BYTE      SPCTL
      000000F8H   SFRSYM    DATA     BYTE      P7
      000000A8H.7 SFRSYM    DATA     BIT       EA
      000000E8H   SFRSYM    DATA     BYTE      P6
      000000C8H   SFRSYM    DATA     BYTE      P5
      000000C0H   SFRSYM    DATA     BYTE      P4
      000000B0H   SFRSYM    DATA     BYTE      P3
      000000A0H   SFRSYM    DATA     BYTE      P2
      00000090H   SFRSYM    DATA     BYTE      P1
      00000095H   SFRSYM    DATA     BYTE      P2M1
      00000080H   SFRSYM    DATA     BYTE      P0
      00000096H   SFRSYM    DATA     BYTE      P2M0

      00FF6BA6H   BLOCK     CODE     ---       LVL=0
      00FF6BA6H   LINE      CODE     ---       #65
      00FF6BA6H   LINE      CODE     ---       #67
      00FF6BA9H   LINE      CODE     ---       #68
      00FF6BACH   LINE      CODE     ---       #69
      00FF6BAFH   LINE      CODE     ---       #72
      00FF6BB5H   LINE      CODE     ---       #74
      00FF6BB7H   LINE      CODE     ---       #75
      00FF6BBAH   LINE      CODE     ---       #77
      00FF6BBAH   LINE      CODE     ---       #79
      00FF6BD1H   LINE      CODE     ---       #80
      00FF6BEEH   LINE      CODE     ---       #81
      00FF6C1AH   LINE      CODE     ---       #82
      00FF6C21H   LINE      CODE     ---       #83
      00FF6C38H   LINE      CODE     ---       #84
      00FF6C4FH   LINE      CODE     ---       #85
      00FF6C68H   LINE      CODE     ---       #86
      00FF6C81H   LINE      CODE     ---       #87
      00FF6C9AH   LINE      CODE     ---       #88
      00FF6CB3H   LINE      CODE     ---       #89
      00FF6CCCH   LINE      CODE     ---       #90
      00FF6CE1H   LINE      CODE     ---       #91
      00FF6CFAH   LINE      CODE     ---       #92
      00FF6D01H   LINE      CODE     ---       #93
      00FF6D18H   LINE      CODE     ---       #94
      00FF6D31H   LINE      CODE     ---       #95
      00FF6D4AH   LINE      CODE     ---       #96
      00FF6D65H   LINE      CODE     ---       #97
      00FF6D6CH   LINE      CODE     ---       #98
      00FF6D83H   LINE      CODE     ---       #100
      00FF6DADH   LINE      CODE     ---       #101
      00FF6DB4H   LINE      CODE     ---       #102
      ---         BLOCKEND  ---      ---       LVL=0

      ---         MODULE    ---      ---       lcd
      00FF82C7H   PUBLIC    CODE     ---       LCD_DrawTriangel
      00FF7CF7H   PUBLIC    CODE     ---       LCD_ShowFloatNum
      00FF7FF5H   PUBLIC    CODE     ---       LCD_ShowNum
      00FF7708H   PUBLIC    CODE     ---       LCD_ShowStr
      00FF7BD2H   PUBLIC    CODE     ---       LCD_DrawCircle
      00FF7F08H   PUBLIC    CODE     ---       LCD_ShowChinese
      00FF817FH   PUBLIC    CODE     ---       LCD_ShowPicture
      00FF841AH   PUBLIC    CODE     ---       mypow
      00FF80D6H   PUBLIC    CODE     ---       Draw_Circle
      00FF7E0AH   PUBLIC    CODE     ---       LCD_DrawLine
      00FF8476H   PUBLIC    CODE     ---       LCD_DrawPoint
L251 LINKER/LOCATER V4.66.93.0                                                        11/29/2024  10:57:16  PAGE 8


      00FF8263H   PUBLIC    CODE     ---       LCD_ShowString
      00FF83B4H   PUBLIC    CODE     ---       LCD_StrCenter
      00FF78B8H   PUBLIC    CODE     ---       LCD_ShowChar
      00FF6FB8H   PUBLIC    CODE     ---       LCD_ShowChinese12x12
      00FF718CH   PUBLIC    CODE     ---       LCD_ShowChinese32x32
      00FF81FCH   PUBLIC    CODE     ---       LCD_DrawRectangle
      00FF7360H   PUBLIC    CODE     ---       LCD_ShowChinese24x24
      00FF7534H   PUBLIC    CODE     ---       LCD_ShowChinese16x16
      00FF8485H   PUBLIC    CODE     ---       LCD_DrawFillRectangle
      00FF0003H   PUBLIC    CODE     ---       tfont12
      00FF008AH   PUBLIC    CODE     ---       tfont32
      00FF0319H   PUBLIC    CODE     ---       tfont24
      00FF0490H   PUBLIC    CODE     ---       tfont16
      00FF09C2H   PUBLIC    CODE     ---       ascii_2412
      00FF1B92H   PUBLIC    CODE     ---       ascii_1206
      00FF2006H   PUBLIC    CODE     ---       ascii_3216
      00FF37C6H   PUBLIC    CODE     ---       ascii_1608
      0000003CH   PUBLIC    EDATA    BYTE      ?LCD_DrawLine?BYTE
      0000008CH   PUBLIC    EDATA    BYTE      ?LCD_DrawRectangle?BYTE
      00000094H   PUBLIC    EDATA    BYTE      ?LCD_DrawFillRectangle?BYTE
      00000092H   PUBLIC    EDATA    BYTE      ?Draw_Circle?BYTE
      0000006CH   PUBLIC    EDATA    BYTE      ?LCD_DrawCircle?BYTE
      0000007AH   PUBLIC    EDATA    BYTE      ?LCD_DrawTriangel?BYTE
      0000000FH   PUBLIC    EDATA    BYTE      ?LCD_ShowChar?BYTE
      00000004H   PUBLIC    EDATA    BYTE      ?LCD_ShowString?BYTE
      00000052H   PUBLIC    EDATA    BYTE      ?LCD_ShowNum?BYTE
      00000027H   PUBLIC    EDATA    BYTE      ?LCD_ShowFloatNum?BYTE
      0000000EH   PUBLIC    EDATA    BYTE      ?LCD_ShowChinese12x12?BYTE
      0000000EH   PUBLIC    EDATA    BYTE      ?LCD_ShowChinese16x16?BYTE
      0000000EH   PUBLIC    EDATA    BYTE      ?LCD_ShowChinese24x24?BYTE
      0000000EH   PUBLIC    EDATA    BYTE      ?LCD_ShowChinese32x32?BYTE
      00000004H   PUBLIC    EDATA    BYTE      ?LCD_ShowChinese?BYTE
      00000061H   PUBLIC    EDATA    BYTE      ?LCD_ShowStr?BYTE
      00000082H   PUBLIC    EDATA    BYTE      ?LCD_StrCenter?BYTE
      00000000H   PUBLIC    EDATA    BYTE      ?LCD_ShowPicture?BYTE
      000000D0H   SFRSYM    DATA     BYTE      PSW
      0000009DH   SFRSYM    DATA     BYTE      IRCBAND
      00000097H   SFRSYM    DATA     BYTE      AUXR2
      000000EFH   SFRSYM    DATA     BYTE      AUXINTIF
      000000FDH   SFRSYM    DATA     BYTE      S4CON
      000000ACH   SFRSYM    DATA     BYTE      S3CON
      0000009AH   SFRSYM    DATA     BYTE      S2CON
      000000B7H   SFRSYM    DATA     BYTE      IPH
      000000CDH   SFRSYM    DATA     BYTE      SPSTAT
      000000DDH   SFRSYM    DATA     BYTE      T4T3M
      000000C1H   SFRSYM    DATA     BYTE      WDT_CONTR
      000000DFH   SFRSYM    DATA     BYTE      IP3
      000000F4H   SFRSYM    DATA     BYTE      USBCON
      000000B5H   SFRSYM    DATA     BYTE      IP2
      000000FFH   SFRSYM    DATA     BYTE      RSTCFG
      000000C7H   SFRSYM    DATA     BYTE      IAP_CONTR
      000000F9H   SFRSYM    DATA     BYTE      LINICR
      0000008EH   SFRSYM    DATA     BYTE      AUXR
      000000AFH   SFRSYM    DATA     BYTE      IE2
      00000088H   SFRSYM    DATA     BYTE      TCON
      00000089H   SFRSYM    DATA     BYTE      TMOD
      00000098H   SFRSYM    DATA     BYTE      SCON
      000000F1H   SFRSYM    DATA     BYTE      CANICR
      00000087H   SFRSYM    DATA     BYTE      PCON
      000000BCH   SFRSYM    DATA     BYTE      ADC_CONTR
      000000E7H   SFRSYM    DATA     BYTE      CMPCR2
      000000E6H   SFRSYM    DATA     BYTE      CMPCR1
      000000DEH   SFRSYM    DATA     BYTE      ADCCFG
      000000B8H   SFRSYM    DATA     BYTE      IP
      0000008FH   SFRSYM    DATA     BYTE      INTCLKO
L251 LINKER/LOCATER V4.66.93.0                                                        11/29/2024  10:57:16  PAGE 9


      000000EEH   SFRSYM    DATA     BYTE      IP3H
      000000B6H   SFRSYM    DATA     BYTE      IP2H
      000000A8H   SFRSYM    DATA     BYTE      IE
      000000BBH   SFRSYM    DATA     BYTE      P_SW3
      000000BAH   SFRSYM    DATA     BYTE      P_SW2
      000000A2H   SFRSYM    DATA     BYTE      P_SW1
      000000CEH   SFRSYM    DATA     BYTE      SPCTL
      000000F8H   SFRSYM    DATA     BYTE      P7
      000000E8H   SFRSYM    DATA     BYTE      P6
      000000C8H   SFRSYM    DATA     BYTE      P5
      000000C0H   SFRSYM    DATA     BYTE      P4
      000000B0H   SFRSYM    DATA     BYTE      P3
      000000A0H   SFRSYM    DATA     BYTE      P2
      00000090H   SFRSYM    DATA     BYTE      P1
      00000080H   SFRSYM    DATA     BYTE      P0

      00FF8476H   BLOCK     CODE     ---       LVL=0
      WR6         REGSYM    ---      WORD      x
      WR4         REGSYM    ---      WORD      y
      WR14        REGSYM    ---      WORD      color
      00FF8476H   LINE      CODE     ---       #12
      00FF847AH   LINE      CODE     ---       #14
      00FF847DH   LINE      CODE     ---       #15
      00FF8482H   LINE      CODE     ---       #16
      ---         BLOCKEND  ---      ---       LVL=0

      00FF7E0AH   BLOCK     CODE     ---       LVL=0
      WR2         REGSYM    ---      WORD      xs
      WR4         REGSYM    ---      WORD      ys
      WR10        REGSYM    ---      WORD      xe
      WR0         REGSYM    ---      WORD      ye
      00000044H   SYMBOL    EDATA    WORD      color
      00FF7E10H   BLOCK     CODE     NEAR LAB  LVL=1
      00000046H   SYMBOL    EDATA    WORD      t
      00000048H   SYMBOL    EDATA    INT       xerr
      0000004AH   SYMBOL    EDATA    INT       yerr
      WR14        REGSYM    ---      INT       delta_x
      WR12        REGSYM    ---      INT       delta_y
      0000004CH   SYMBOL    EDATA    INT       distance
      0000004EH   SYMBOL    EDATA    INT       incx
      00000050H   SYMBOL    EDATA    INT       incy
      00000052H   SYMBOL    EDATA    INT       uRow
      00000054H   SYMBOL    EDATA    INT       uCol
      ---         BLOCKEND  ---      ---       LVL=1
      00FF7E0AH   LINE      CODE     ---       #27
      00FF7E10H   LINE      CODE     ---       #28
      00FF7E10H   LINE      CODE     ---       #30
      00FF7E1AH   LINE      CODE     ---       #32
      00FF7E1EH   LINE      CODE     ---       #33
      00FF7E22H   LINE      CODE     ---       #34
      00FF7E26H   LINE      CODE     ---       #35
      00FF7E2AH   LINE      CODE     ---       #36
      00FF7E30H   LINE      CODE     ---       #38
      00FF7E38H   LINE      CODE     ---       #39
      00FF7E3AH   LINE      CODE     ---       #40
      00FF7E3EH   LINE      CODE     ---       #42
      00FF7E42H   LINE      CODE     ---       #43
      00FF7E44H   LINE      CODE     ---       #46
      00FF7E4CH   LINE      CODE     ---       #47
      00FF7E52H   LINE      CODE     ---       #48
      00FF7E52H   LINE      CODE     ---       #49
      00FF7E58H   LINE      CODE     ---       #51
      00FF7E60H   LINE      CODE     ---       #52
      00FF7E62H   LINE      CODE     ---       #53
      00FF7E66H   LINE      CODE     ---       #55
L251 LINKER/LOCATER V4.66.93.0                                                        11/29/2024  10:57:16  PAGE 10


      00FF7E6AH   LINE      CODE     ---       #56
      00FF7E6CH   LINE      CODE     ---       #59
      00FF7E74H   LINE      CODE     ---       #60
      00FF7E7AH   LINE      CODE     ---       #61
      00FF7E7AH   LINE      CODE     ---       #62
      00FF7E7EH   LINE      CODE     ---       #64
      00FF7E82H   LINE      CODE     ---       #65
      00FF7E84H   LINE      CODE     ---       #68
      00FF7E88H   LINE      CODE     ---       #69
      00FF7E88H   LINE      CODE     ---       #70
      00FF7E8CH   LINE      CODE     ---       #72
      00FF7E9BH   LINE      CODE     ---       #73
      00FF7EA5H   LINE      CODE     ---       #74
      00FF7EAFH   LINE      CODE     ---       #75
      00FF7EB9H   LINE      CODE     ---       #77
      00FF7EC5H   LINE      CODE     ---       #78
      00FF7ED1H   LINE      CODE     ---       #79
      00FF7ED1H   LINE      CODE     ---       #80
      00FF7ED7H   LINE      CODE     ---       #82
      00FF7EE3H   LINE      CODE     ---       #83
      00FF7EEFH   LINE      CODE     ---       #84
      00FF7F05H   LINE      CODE     ---       #86
      ---         BLOCKEND  ---      ---       LVL=0

      00FF81FCH   BLOCK     CODE     ---       LVL=0
      00000090H   SYMBOL    EDATA    WORD      xs
      00000092H   SYMBOL    EDATA    WORD      ys
      WR12        REGSYM    ---      WORD      xe
      WR14        REGSYM    ---      WORD      ye
      00000094H   SYMBOL    EDATA    WORD      color
      00FF81FCH   LINE      CODE     ---       #97
      00FF820AH   LINE      CODE     ---       #99
      00FF821FH   LINE      CODE     ---       #100
      00FF8236H   LINE      CODE     ---       #101
      00FF824BH   LINE      CODE     ---       #102
      00FF8260H   LINE      CODE     ---       #103
      ---         BLOCKEND  ---      ---       LVL=0

      00FF8485H   BLOCK     CODE     ---       LVL=0
      WR10        REGSYM    ---      WORD      xs
      WR4         REGSYM    ---      WORD      ys
      WR2         REGSYM    ---      WORD      xe
      WR0         REGSYM    ---      WORD      ye
      0000009CH   SYMBOL    EDATA    WORD      color
      00FF8485H   LINE      CODE     ---       #114
      00FF8487H   LINE      CODE     ---       #116
      ---         BLOCKEND  ---      ---       LVL=0

      00FF80D6H   BLOCK     CODE     ---       LVL=0
      00000096H   SYMBOL    EDATA    INT       xc
      00000098H   SYMBOL    EDATA    INT       yc
      WR12        REGSYM    ---      INT       x
      WR14        REGSYM    ---      INT       y
      0000009AH   SYMBOL    EDATA    WORD      color
      00FF80D6H   LINE      CODE     ---       #128
      00FF80E4H   LINE      CODE     ---       #130
      00FF80F7H   LINE      CODE     ---       #131
      00FF810AH   LINE      CODE     ---       #132
      00FF811DH   LINE      CODE     ---       #133
      00FF8130H   LINE      CODE     ---       #134
      00FF8143H   LINE      CODE     ---       #135
      00FF8156H   LINE      CODE     ---       #136
      00FF8169H   LINE      CODE     ---       #137
      00FF817CH   LINE      CODE     ---       #138
      ---         BLOCKEND  ---      ---       LVL=0
L251 LINKER/LOCATER V4.66.93.0                                                        11/29/2024  10:57:16  PAGE 11



      00FF7BD2H   BLOCK     CODE     ---       LVL=0
      00000072H   SYMBOL    EDATA    WORD      xc
      WR12        REGSYM    ---      WORD      yc
      WR2         REGSYM    ---      WORD      r
      WR14        REGSYM    ---      WORD      color
      00000074H   SYMBOL    EDATA    WORD      mode
      00FF7BDCH   BLOCK     CODE     NEAR LAB  LVL=1
      00000076H   SYMBOL    EDATA    INT       x
      00000078H   SYMBOL    EDATA    INT       y
      0000007AH   SYMBOL    EDATA    INT       yi
      0000007CH   SYMBOL    EDATA    INT       d
      ---         BLOCKEND  ---      ---       LVL=1
      00FF7BD2H   LINE      CODE     ---       #149
      00FF7BDCH   LINE      CODE     ---       #150
      00FF7BDCH   LINE      CODE     ---       #151
      00FF7BE6H   LINE      CODE     ---       #152
      00FF7BF4H   LINE      CODE     ---       #154
      00FF7BFFH   LINE      CODE     ---       #156
      00FF7C01H   LINE      CODE     ---       #158
      00FF7C07H   LINE      CODE     ---       #160
      00FF7C1CH   LINE      CODE     ---       #161
      00FF7C30H   LINE      CODE     ---       #162
      00FF7C3AH   LINE      CODE     ---       #164
      00FF7C4EH   LINE      CODE     ---       #165
      00FF7C50H   LINE      CODE     ---       #168
      00FF7C68H   LINE      CODE     ---       #169
      00FF7C6EH   LINE      CODE     ---       #170
      00FF7C6EH   LINE      CODE     ---       #171
      00FF7C78H   LINE      CODE     ---       #172
      00FF7C85H   LINE      CODE     ---       #173
      00FF7C87H   LINE      CODE     ---       #177
      00FF7C89H   LINE      CODE     ---       #179
      00FF7C9EH   LINE      CODE     ---       #180
      00FF7CA8H   LINE      CODE     ---       #182
      00FF7CBCH   LINE      CODE     ---       #183
      00FF7CBEH   LINE      CODE     ---       #186
      00FF7CD6H   LINE      CODE     ---       #187
      00FF7CE0H   LINE      CODE     ---       #188
      00FF7CE0H   LINE      CODE     ---       #189
      00FF7CEAH   LINE      CODE     ---       #190
      00FF7CF4H   LINE      CODE     ---       #191
      00FF7CF4H   LINE      CODE     ---       #192
      ---         BLOCKEND  ---      ---       LVL=0

      00FF82C7H   BLOCK     CODE     ---       LVL=0
      0000007EH   SYMBOL    EDATA    WORD      x
      00000080H   SYMBOL    EDATA    WORD      y
      WR12        REGSYM    ---      WORD      xs
      WR14        REGSYM    ---      WORD      ys
      00000082H   SYMBOL    EDATA    WORD      xe
      00000084H   SYMBOL    EDATA    WORD      ye
      00000086H   SYMBOL    EDATA    WORD      color
      00FF82C7H   LINE      CODE     ---       #205
      00FF82D5H   LINE      CODE     ---       #207
      00FF82E8H   LINE      CODE     ---       #208
      00FF82FFH   LINE      CODE     ---       #209
      00FF831AH   LINE      CODE     ---       #210
      ---         BLOCKEND  ---      ---       LVL=0

      00FF78B8H   BLOCK     CODE     ---       LVL=0
      WR14        REGSYM    ---      WORD      x
      WR12        REGSYM    ---      WORD      y
      00000013H   SYMBOL    EDATA    BYTE      num
      00000014H   SYMBOL    EDATA    WORD      fc
L251 LINKER/LOCATER V4.66.93.0                                                        11/29/2024  10:57:16  PAGE 12


      00000016H   SYMBOL    EDATA    WORD      bc
      00000018H   SYMBOL    EDATA    BYTE      sizey
      00000019H   SYMBOL    EDATA    BYTE      mode
      00FF78CAH   BLOCK     CODE     NEAR LAB  LVL=1
      0000001AH   SYMBOL    EDATA    BYTE      temp
      0000001BH   SYMBOL    EDATA    BYTE      sizex
      0000001CH   SYMBOL    EDATA    BYTE      t
      0000001DH   SYMBOL    EDATA    BYTE      m
      0000001EH   SYMBOL    EDATA    WORD      i
      00000020H   SYMBOL    EDATA    WORD      TypefaceNum
      00000022H   SYMBOL    EDATA    WORD      x0
      ---         BLOCKEND  ---      ---       LVL=1
      00FF78B8H   LINE      CODE     ---       #223
      00FF78CAH   LINE      CODE     ---       #224
      00FF78CAH   LINE      CODE     ---       #225
      00FF78CFH   LINE      CODE     ---       #227
      00FF78D3H   LINE      CODE     ---       #228
      00FF78E1H   LINE      CODE     ---       #229
      00FF7905H   LINE      CODE     ---       #230
      00FF7913H   LINE      CODE     ---       #231
      00FF7922H   LINE      CODE     ---       #232
      00FF7927H   LINE      CODE     ---       #234
      00FF792FH   LINE      CODE     ---       #235
      00FF7942H   LINE      CODE     ---       #236
      00FF7946H   LINE      CODE     ---       #237
      00FF7959H   LINE      CODE     ---       #238
      00FF795DH   LINE      CODE     ---       #239
      00FF7976H   LINE      CODE     ---       #240
      00FF797FH   LINE      CODE     ---       #241
      00FF799CH   LINE      CODE     ---       #243
      00FF799CH   LINE      CODE     ---       #244
      00FF79A1H   LINE      CODE     ---       #246
      00FF79A7H   LINE      CODE     ---       #248
      00FF79C2H   LINE      CODE     ---       #249
      00FF79C8H   LINE      CODE     ---       #251
      00FF79CFH   LINE      CODE     ---       #252
      00FF79D8H   LINE      CODE     ---       #253
      00FF79EBH   LINE      CODE     ---       #255
      00FF79F0H   LINE      CODE     ---       #256
      00FF79F2H   LINE      CODE     ---       #257
      00FF79F2H   LINE      CODE     ---       #261
      00FF7A0DH   LINE      CODE     ---       #262
      00FF7A18H   LINE      CODE     ---       #263
      00FF7A1AH   LINE      CODE     ---       #264
      00FF7A2AH   LINE      CODE     ---       #266
      00FF7A2EH   LINE      CODE     ---       #267
      00FF7A30H   LINE      CODE     ---       #268
      00FF7A32H   LINE      CODE     ---       #269
      00FF7A32H   LINE      CODE     ---       #271
      00FF7A47H   LINE      CODE     ---       #272
      00FF7A5EH   LINE      CODE     ---       #273
      ---         BLOCKEND  ---      ---       LVL=0

      00FF8263H   BLOCK     CODE     ---       LVL=0
      00000008H   SYMBOL    EDATA    WORD      x
      0000000AH   SYMBOL    EDATA    WORD      y
      REG=3       REGSYM    ---      ---       s
      0000000CH   SYMBOL    EDATA    WORD      fc
      0000000EH   SYMBOL    EDATA    WORD      bc
      00000010H   SYMBOL    EDATA    WORD      sizey
      00000012H   SYMBOL    EDATA    BYTE      mode
      00FF8263H   LINE      CODE     ---       #286
      00FF8273H   LINE      CODE     ---       #288
      00FF8275H   LINE      CODE     ---       #290
      00FF8289H   LINE      CODE     ---       #291
L251 LINKER/LOCATER V4.66.93.0                                                        11/29/2024  10:57:16  PAGE 13


      00FF8289H   LINE      CODE     ---       #292
      00FF82A7H   LINE      CODE     ---       #293
      00FF82B5H   LINE      CODE     ---       #294
      00FF82B7H   LINE      CODE     ---       #295
      00FF82C4H   LINE      CODE     ---       #296
      ---         BLOCKEND  ---      ---       LVL=0

      00FF841AH   BLOCK     CODE     ---       LVL=0
      R8          REGSYM    ---      BYTE      m
      R9          REGSYM    ---      BYTE      n
      00FF841EH   BLOCK     CODE     NEAR LAB  LVL=1
      DR4         REGSYM    ---      DWORD     result
      ---         BLOCKEND  ---      ---       LVL=1
      00FF841AH   LINE      CODE     ---       #304
      00FF841EH   LINE      CODE     ---       #305
      00FF841EH   LINE      CODE     ---       #306
      00FF8422H   LINE      CODE     ---       #307
      00FF8424H   LINE      CODE     ---       #309
      00FF842BH   LINE      CODE     ---       #310
      00FF8433H   LINE      CODE     ---       #311
      00FF8433H   LINE      CODE     ---       #312
      ---         BLOCKEND  ---      ---       LVL=0

      00FF7FF5H   BLOCK     CODE     ---       LVL=0
      00000056H   SYMBOL    EDATA    WORD      x
      00000058H   SYMBOL    EDATA    WORD      y
      DR12        REGSYM    ---      DWORD     num
      0000005AH   SYMBOL    EDATA    BYTE      len
      0000005BH   SYMBOL    EDATA    WORD      fc
      0000005DH   SYMBOL    EDATA    WORD      bc
      0000005FH   SYMBOL    EDATA    BYTE      sizey
      00000060H   SYMBOL    EDATA    BYTE      mode
      00FF8005H   BLOCK     CODE     NEAR LAB  LVL=1
      00000061H   SYMBOL    EDATA    BYTE      t
      00000062H   SYMBOL    EDATA    BYTE      temp
      00000063H   SYMBOL    EDATA    BYTE      enshow
      00000064H   SYMBOL    EDATA    BYTE      sizex
      ---         BLOCKEND  ---      ---       LVL=1
      00FF7FF5H   LINE      CODE     ---       #326
      00FF8005H   LINE      CODE     ---       #327
      00FF8005H   LINE      CODE     ---       #328
      00FF800AH   LINE      CODE     ---       #329
      00FF8016H   LINE      CODE     ---       #330
      00FF8019H   LINE      CODE     ---       #332
      00FF8040H   LINE      CODE     ---       #333
      00FF8058H   LINE      CODE     ---       #335
      00FF805EH   LINE      CODE     ---       #337
      00FF807EH   LINE      CODE     ---       #338
      00FF8080H   LINE      CODE     ---       #339
      00FF8080H   LINE      CODE     ---       #342
      00FF8086H   LINE      CODE     ---       #343
      00FF8086H   LINE      CODE     ---       #344
      00FF8086H   LINE      CODE     ---       #345
      00FF80BDH   LINE      CODE     ---       #346
      00FF80D3H   LINE      CODE     ---       #347
      ---         BLOCKEND  ---      ---       LVL=0

      00FF7CF7H   BLOCK     CODE     ---       LVL=0
      WR12        REGSYM    ---      WORD      x
      WR14        REGSYM    ---      WORD      y
      0000002BH   SYMBOL    EDATA    FLOAT     num
      0000002FH   SYMBOL    EDATA    BYTE      pre
      00000030H   SYMBOL    EDATA    BYTE      len
      00000031H   SYMBOL    EDATA    WORD      fc
      00000033H   SYMBOL    EDATA    WORD      bc
L251 LINKER/LOCATER V4.66.93.0                                                        11/29/2024  10:57:16  PAGE 14


      00000035H   SYMBOL    EDATA    BYTE      sizey
      00000036H   SYMBOL    EDATA    BYTE      mode
      00FF7D05H   BLOCK     CODE     NEAR LAB  LVL=1
      00000037H   SYMBOL    EDATA    DWORD     i
      0000003BH   SYMBOL    EDATA    DWORD     temp
      0000003FH   SYMBOL    EDATA    DWORD     num1
      00000043H   SYMBOL    EDATA    BYTE      sizex
      ---         BLOCKEND  ---      ---       LVL=1
      00FF7CF7H   LINE      CODE     ---       #362
      00FF7D05H   LINE      CODE     ---       #363
      00FF7D05H   LINE      CODE     ---       #365
      00FF7D11H   LINE      CODE     ---       #366
      00FF7D2CH   LINE      CODE     ---       #367
      00FF7D31H   LINE      CODE     ---       #369
      00FF7D5AH   LINE      CODE     ---       #370
      00FF7D74H   LINE      CODE     ---       #372
      00FF7DA1H   LINE      CODE     ---       #373
      00FF7DABH   LINE      CODE     ---       #374
      00FF7DB4H   LINE      CODE     ---       #375
      00FF7DB4H   LINE      CODE     ---       #376
      00FF7DEAH   LINE      CODE     ---       #377
      00FF7E07H   LINE      CODE     ---       #378
      ---         BLOCKEND  ---      ---       LVL=0

      00FF6FB8H   BLOCK     CODE     ---       LVL=0
      00000012H   SYMBOL    EDATA    WORD      x
      00000014H   SYMBOL    EDATA    WORD      y
      REG=3       REGSYM    ---      ---       s
      00000016H   SYMBOL    EDATA    WORD      fc
      00000018H   SYMBOL    EDATA    WORD      bc
      0000001AH   SYMBOL    EDATA    BYTE      sizey
      0000001BH   SYMBOL    EDATA    BYTE      mode
      00FF6FC8H   BLOCK     CODE     NEAR LAB  LVL=1
      0000001CH   SYMBOL    EDATA    BYTE      i
      0000001DH   SYMBOL    EDATA    BYTE      j
      0000001EH   SYMBOL    EDATA    BYTE      m
      0000001FH   SYMBOL    EDATA    WORD      k
      00000021H   SYMBOL    EDATA    WORD      HZnum
      00000023H   SYMBOL    EDATA    WORD      TypefaceNum
      00000025H   SYMBOL    EDATA    WORD      x0
      ---         BLOCKEND  ---      ---       LVL=1
      00FF6FB8H   LINE      CODE     ---       #391
      00FF6FC8H   LINE      CODE     ---       #392
      00FF6FC8H   LINE      CODE     ---       #393
      00FF6FCDH   LINE      CODE     ---       #396
      00FF6FD5H   LINE      CODE     ---       #397
      00FF6FFBH   LINE      CODE     ---       #398
      00FF7003H   LINE      CODE     ---       #399
      00FF7008H   LINE      CODE     ---       #401
      00FF7041H   LINE      CODE     ---       #403
      00FF7060H   LINE      CODE     ---       #404
      00FF7064H   LINE      CODE     ---       #406
      00FF7069H   LINE      CODE     ---       #408
      00FF706FH   LINE      CODE     ---       #410
      00FF70A2H   LINE      CODE     ---       #412
      00FF70A6H   LINE      CODE     ---       #413
      00FF70A8H   LINE      CODE     ---       #416
      00FF70AFH   LINE      CODE     ---       #417
      00FF70AFH   LINE      CODE     ---       #418
      00FF70B8H   LINE      CODE     ---       #419
      00FF70CBH   LINE      CODE     ---       #421
      00FF70D0H   LINE      CODE     ---       #422
      00FF70D3H   LINE      CODE     ---       #423
      00FF70D3H   LINE      CODE     ---       #427
      00FF7106H   LINE      CODE     ---       #429
L251 LINKER/LOCATER V4.66.93.0                                                        11/29/2024  10:57:16  PAGE 15


      00FF7115H   LINE      CODE     ---       #430
      00FF7115H   LINE      CODE     ---       #431
      00FF711FH   LINE      CODE     ---       #432
      00FF7131H   LINE      CODE     ---       #434
      00FF7139H   LINE      CODE     ---       #435
      00FF7143H   LINE      CODE     ---       #436
      00FF7145H   LINE      CODE     ---       #437
      00FF7145H   LINE      CODE     ---       #439
      00FF715AH   LINE      CODE     ---       #440
      00FF7172H   LINE      CODE     ---       #441
      00FF7172H   LINE      CODE     ---       #442
      00FF7172H   LINE      CODE     ---       #443
      00FF7189H   LINE      CODE     ---       #444
      ---         BLOCKEND  ---      ---       LVL=0

      00FF7534H   BLOCK     CODE     ---       LVL=0
      00000012H   SYMBOL    EDATA    WORD      x
      00000014H   SYMBOL    EDATA    WORD      y
      REG=3       REGSYM    ---      ---       s
      00000016H   SYMBOL    EDATA    WORD      fc
      00000018H   SYMBOL    EDATA    WORD      bc
      0000001AH   SYMBOL    EDATA    BYTE      sizey
      0000001BH   SYMBOL    EDATA    BYTE      mode
      00FF7544H   BLOCK     CODE     NEAR LAB  LVL=1
      0000001CH   SYMBOL    EDATA    BYTE      i
      0000001DH   SYMBOL    EDATA    BYTE      j
      0000001EH   SYMBOL    EDATA    BYTE      m
      0000001FH   SYMBOL    EDATA    WORD      k
      00000021H   SYMBOL    EDATA    WORD      HZnum
      00000023H   SYMBOL    EDATA    WORD      TypefaceNum
      00000025H   SYMBOL    EDATA    WORD      x0
      ---         BLOCKEND  ---      ---       LVL=1
      00FF7534H   LINE      CODE     ---       #457
      00FF7544H   LINE      CODE     ---       #458
      00FF7544H   LINE      CODE     ---       #459
      00FF7549H   LINE      CODE     ---       #462
      00FF7551H   LINE      CODE     ---       #463
      00FF7577H   LINE      CODE     ---       #464
      00FF757FH   LINE      CODE     ---       #465
      00FF7584H   LINE      CODE     ---       #467
      00FF75BDH   LINE      CODE     ---       #469
      00FF75DCH   LINE      CODE     ---       #470
      00FF75E0H   LINE      CODE     ---       #472
      00FF75E5H   LINE      CODE     ---       #474
      00FF75EBH   LINE      CODE     ---       #476
      00FF761EH   LINE      CODE     ---       #478
      00FF7622H   LINE      CODE     ---       #479
      00FF7624H   LINE      CODE     ---       #482
      00FF762BH   LINE      CODE     ---       #483
      00FF762BH   LINE      CODE     ---       #484
      00FF7634H   LINE      CODE     ---       #485
      00FF7647H   LINE      CODE     ---       #487
      00FF764CH   LINE      CODE     ---       #488
      00FF764FH   LINE      CODE     ---       #489
      00FF764FH   LINE      CODE     ---       #493
      00FF7682H   LINE      CODE     ---       #495
      00FF7691H   LINE      CODE     ---       #496
      00FF7691H   LINE      CODE     ---       #497
      00FF769BH   LINE      CODE     ---       #498
      00FF76ADH   LINE      CODE     ---       #500
      00FF76B5H   LINE      CODE     ---       #501
      00FF76BFH   LINE      CODE     ---       #502
      00FF76C1H   LINE      CODE     ---       #503
      00FF76C1H   LINE      CODE     ---       #505
      00FF76D6H   LINE      CODE     ---       #506
L251 LINKER/LOCATER V4.66.93.0                                                        11/29/2024  10:57:16  PAGE 16


      00FF76EEH   LINE      CODE     ---       #507
      00FF76EEH   LINE      CODE     ---       #508
      00FF76EEH   LINE      CODE     ---       #509
      00FF7705H   LINE      CODE     ---       #510
      ---         BLOCKEND  ---      ---       LVL=0

      00FF7360H   BLOCK     CODE     ---       LVL=0
      00000012H   SYMBOL    EDATA    WORD      x
      00000014H   SYMBOL    EDATA    WORD      y
      REG=3       REGSYM    ---      ---       s
      00000016H   SYMBOL    EDATA    WORD      fc
      00000018H   SYMBOL    EDATA    WORD      bc
      0000001AH   SYMBOL    EDATA    BYTE      sizey
      0000001BH   SYMBOL    EDATA    BYTE      mode
      00FF7370H   BLOCK     CODE     NEAR LAB  LVL=1
      0000001CH   SYMBOL    EDATA    BYTE      i
      0000001DH   SYMBOL    EDATA    BYTE      j
      0000001EH   SYMBOL    EDATA    BYTE      m
      0000001FH   SYMBOL    EDATA    WORD      k
      00000021H   SYMBOL    EDATA    WORD      HZnum
      00000023H   SYMBOL    EDATA    WORD      TypefaceNum
      00000025H   SYMBOL    EDATA    WORD      x0
      ---         BLOCKEND  ---      ---       LVL=1
      00FF7360H   LINE      CODE     ---       #523
      00FF7370H   LINE      CODE     ---       #524
      00FF7370H   LINE      CODE     ---       #525
      00FF7375H   LINE      CODE     ---       #528
      00FF737DH   LINE      CODE     ---       #529
      00FF73A3H   LINE      CODE     ---       #530
      00FF73ABH   LINE      CODE     ---       #531
      00FF73B0H   LINE      CODE     ---       #533
      00FF73E9H   LINE      CODE     ---       #535
      00FF7408H   LINE      CODE     ---       #536
      00FF740CH   LINE      CODE     ---       #538
      00FF7411H   LINE      CODE     ---       #540
      00FF7417H   LINE      CODE     ---       #542
      00FF744AH   LINE      CODE     ---       #544
      00FF744EH   LINE      CODE     ---       #545
      00FF7450H   LINE      CODE     ---       #548
      00FF7457H   LINE      CODE     ---       #549
      00FF7457H   LINE      CODE     ---       #550
      00FF7460H   LINE      CODE     ---       #551
      00FF7473H   LINE      CODE     ---       #553
      00FF7478H   LINE      CODE     ---       #554
      00FF747BH   LINE      CODE     ---       #555
      00FF747BH   LINE      CODE     ---       #559
      00FF74AEH   LINE      CODE     ---       #561
      00FF74BDH   LINE      CODE     ---       #562
      00FF74BDH   LINE      CODE     ---       #563
      00FF74C7H   LINE      CODE     ---       #564
      00FF74D9H   LINE      CODE     ---       #566
      00FF74E1H   LINE      CODE     ---       #567
      00FF74EBH   LINE      CODE     ---       #568
      00FF74EDH   LINE      CODE     ---       #569
      00FF74EDH   LINE      CODE     ---       #571
      00FF7502H   LINE      CODE     ---       #572
      00FF751AH   LINE      CODE     ---       #573
      00FF751AH   LINE      CODE     ---       #574
      00FF751AH   LINE      CODE     ---       #575
      00FF7531H   LINE      CODE     ---       #576
      ---         BLOCKEND  ---      ---       LVL=0

      00FF718CH   BLOCK     CODE     ---       LVL=0
      00000012H   SYMBOL    EDATA    WORD      x
      00000014H   SYMBOL    EDATA    WORD      y
L251 LINKER/LOCATER V4.66.93.0                                                        11/29/2024  10:57:16  PAGE 17


      REG=3       REGSYM    ---      ---       s
      00000016H   SYMBOL    EDATA    WORD      fc
      00000018H   SYMBOL    EDATA    WORD      bc
      0000001AH   SYMBOL    EDATA    BYTE      sizey
      0000001BH   SYMBOL    EDATA    BYTE      mode
      00FF719CH   BLOCK     CODE     NEAR LAB  LVL=1
      0000001CH   SYMBOL    EDATA    BYTE      i
      0000001DH   SYMBOL    EDATA    BYTE      j
      0000001EH   SYMBOL    EDATA    BYTE      m
      0000001FH   SYMBOL    EDATA    WORD      k
      00000021H   SYMBOL    EDATA    WORD      HZnum
      00000023H   SYMBOL    EDATA    WORD      TypefaceNum
      00000025H   SYMBOL    EDATA    WORD      x0
      ---         BLOCKEND  ---      ---       LVL=1
      00FF718CH   LINE      CODE     ---       #589
      00FF719CH   LINE      CODE     ---       #590
      00FF719CH   LINE      CODE     ---       #591
      00FF71A1H   LINE      CODE     ---       #594
      00FF71A9H   LINE      CODE     ---       #595
      00FF71CFH   LINE      CODE     ---       #596
      00FF71D7H   LINE      CODE     ---       #597
      00FF71DCH   LINE      CODE     ---       #599
      00FF7215H   LINE      CODE     ---       #601
      00FF7234H   LINE      CODE     ---       #602
      00FF7238H   LINE      CODE     ---       #604
      00FF723DH   LINE      CODE     ---       #606
      00FF7243H   LINE      CODE     ---       #608
      00FF7276H   LINE      CODE     ---       #610
      00FF727AH   LINE      CODE     ---       #611
      00FF727CH   LINE      CODE     ---       #614
      00FF7283H   LINE      CODE     ---       #615
      00FF7283H   LINE      CODE     ---       #616
      00FF728CH   LINE      CODE     ---       #617
      00FF729FH   LINE      CODE     ---       #619
      00FF72A4H   LINE      CODE     ---       #620
      00FF72A7H   LINE      CODE     ---       #621
      00FF72A7H   LINE      CODE     ---       #625
      00FF72DAH   LINE      CODE     ---       #627
      00FF72E9H   LINE      CODE     ---       #628
      00FF72E9H   LINE      CODE     ---       #629
      00FF72F3H   LINE      CODE     ---       #630
      00FF7305H   LINE      CODE     ---       #632
      00FF730DH   LINE      CODE     ---       #633
      00FF7317H   LINE      CODE     ---       #634
      00FF7319H   LINE      CODE     ---       #635
      00FF7319H   LINE      CODE     ---       #637
      00FF732EH   LINE      CODE     ---       #638
      00FF7346H   LINE      CODE     ---       #639
      00FF7346H   LINE      CODE     ---       #640
      00FF7346H   LINE      CODE     ---       #641
      00FF735DH   LINE      CODE     ---       #642
      ---         BLOCKEND  ---      ---       LVL=0

      00FF7F08H   BLOCK     CODE     ---       LVL=0
      00000008H   SYMBOL    EDATA    WORD      x
      0000000AH   SYMBOL    EDATA    WORD      y
      REG=3       REGSYM    ---      ---       s
      0000000CH   SYMBOL    EDATA    WORD      fc
      0000000EH   SYMBOL    EDATA    WORD      bc
      00000010H   SYMBOL    EDATA    BYTE      sizey
      00000011H   SYMBOL    EDATA    BYTE      mode
      00FF7F08H   LINE      CODE     ---       #655
      00FF7F14H   LINE      CODE     ---       #657
      00FF7F17H   LINE      CODE     ---       #659
      00FF7F1EH   LINE      CODE     ---       #660
L251 LINKER/LOCATER V4.66.93.0                                                        11/29/2024  10:57:16  PAGE 18


      00FF7F46H   LINE      CODE     ---       #661
      00FF7F4DH   LINE      CODE     ---       #662
      00FF7F78H   LINE      CODE     ---       #663
      00FF7F7FH   LINE      CODE     ---       #664
      00FF7FAAH   LINE      CODE     ---       #665
      00FF7FB1H   LINE      CODE     ---       #666
      00FF7FDAH   LINE      CODE     ---       #668
      00FF7FDAH   LINE      CODE     ---       #669
      00FF7FDCH   LINE      CODE     ---       #670
      00FF7FEAH   LINE      CODE     ---       #671
      00FF7FF2H   LINE      CODE     ---       #672
      ---         BLOCKEND  ---      ---       LVL=0

      00FF7708H   BLOCK     CODE     ---       LVL=0
      00000065H   SYMBOL    EDATA    WORD      x
      00000067H   SYMBOL    EDATA    WORD      y
      REG=3       REGSYM    ---      ---       s
      00000069H   SYMBOL    EDATA    WORD      fc
      0000006BH   SYMBOL    EDATA    WORD      bc
      0000006DH   SYMBOL    EDATA    BYTE      sizey
      0000006EH   SYMBOL    EDATA    BYTE      mode
      00FF7718H   BLOCK     CODE     NEAR LAB  LVL=1
      0000006FH   SYMBOL    EDATA    WORD      x0
      00000071H   SYMBOL    EDATA    BYTE      bHz
      ---         BLOCKEND  ---      ---       LVL=1
      00FF7708H   LINE      CODE     ---       #685
      00FF7718H   LINE      CODE     ---       #686
      00FF7718H   LINE      CODE     ---       #687
      00FF771CH   LINE      CODE     ---       #688
      00FF771DH   LINE      CODE     ---       #689
      00FF771FH   LINE      CODE     ---       #691
      00FF7728H   LINE      CODE     ---       #693
      00FF7750H   LINE      CODE     ---       #695
      00FF7750H   LINE      CODE     ---       #696
      00FF7750H   LINE      CODE     ---       #697
      00FF7758H   LINE      CODE     ---       #699
      00FF775EH   LINE      CODE     ---       #700
      00FF7761H   LINE      CODE     ---       #703
      00FF7766H   LINE      CODE     ---       #705
      00FF776EH   LINE      CODE     ---       #706
      00FF7776H   LINE      CODE     ---       #707
      00FF7778H   LINE      CODE     ---       #708
      00FF777AH   LINE      CODE     ---       #711
      00FF779FH   LINE      CODE     ---       #712
      00FF77AFH   LINE      CODE     ---       #713
      00FF77AFH   LINE      CODE     ---       #714
      00FF77B1H   LINE      CODE     ---       #715
      00FF77B1H   LINE      CODE     ---       #716
      00FF77B4H   LINE      CODE     ---       #719
      00FF77D8H   LINE      CODE     ---       #721
      00FF77D8H   LINE      CODE     ---       #722
      00FF77D8H   LINE      CODE     ---       #723
      00FF77DDH   LINE      CODE     ---       #724
      00FF77E4H   LINE      CODE     ---       #725
      00FF7810H   LINE      CODE     ---       #726
      00FF7817H   LINE      CODE     ---       #727
      00FF7842H   LINE      CODE     ---       #728
      00FF7849H   LINE      CODE     ---       #729
      00FF7874H   LINE      CODE     ---       #731
      00FF789DH   LINE      CODE     ---       #732
      00FF789FH   LINE      CODE     ---       #733
      00FF78ADH   LINE      CODE     ---       #734
      00FF78ADH   LINE      CODE     ---       #735
      00FF78B5H   LINE      CODE     ---       #736
      ---         BLOCKEND  ---      ---       LVL=0
L251 LINKER/LOCATER V4.66.93.0                                                        11/29/2024  10:57:16  PAGE 19



      00FF83B4H   BLOCK     CODE     ---       LVL=0
      00000088H   SYMBOL    EDATA    WORD      y
      REG=3       REGSYM    ---      ---       s
      0000008AH   SYMBOL    EDATA    WORD      fc
      0000008CH   SYMBOL    EDATA    WORD      bc
      0000008EH   SYMBOL    EDATA    BYTE      sizey
      0000008FH   SYMBOL    EDATA    BYTE      mode
      00FF83C0H   BLOCK     CODE     NEAR LAB  LVL=1
      WR4         REGSYM    ---      WORD      len
      WR6         REGSYM    ---      WORD      x1
      ---         BLOCKEND  ---      ---       LVL=1
      00FF83B4H   LINE      CODE     ---       #749
      00FF83C0H   LINE      CODE     ---       #750
      00FF83C0H   LINE      CODE     ---       #751
      00FF83C5H   LINE      CODE     ---       #752
      00FF83D3H   LINE      CODE     ---       #753
      00FF83F8H   LINE      CODE     ---       #754
      ---         BLOCKEND  ---      ---       LVL=0

      00FF817FH   BLOCK     CODE     ---       LVL=0
      WR0         REGSYM    ---      WORD      x
      WR10        REGSYM    ---      WORD      y
      WR14        REGSYM    ---      WORD      width
      WR12        REGSYM    ---      WORD      height
      00000008H   SYMBOL    EDATA    ---       pic
      00FF8189H   BLOCK     CODE     NEAR LAB  LVL=1
      0000000CH   SYMBOL    EDATA    BYTE      picH
      0000000DH   SYMBOL    EDATA    BYTE      picL
      0000000EH   SYMBOL    EDATA    WORD      i
      00000010H   SYMBOL    EDATA    WORD      j
      00000012H   SYMBOL    EDATA    DWORD     k
      ---         BLOCKEND  ---      ---       LVL=1
      00FF817FH   LINE      CODE     ---       #765
      00FF8189H   LINE      CODE     ---       #766
      00FF8189H   LINE      CODE     ---       #769
      00FF818FH   LINE      CODE     ---       #770
      00FF81A0H   LINE      CODE     ---       #771
      00FF81A4H   LINE      CODE     ---       #773
      00FF81A8H   LINE      CODE     ---       #775
      00FF81C1H   LINE      CODE     ---       #776
      00FF81CCH   LINE      CODE     ---       #777
      00FF81CFH   LINE      CODE     ---       #778
      00FF81D9H   LINE      CODE     ---       #779
      00FF81E9H   LINE      CODE     ---       #780
      00FF81F9H   LINE      CODE     ---       #781
      ---         BLOCKEND  ---      ---       LVL=0

      ---         MODULE    ---      ---       lcd_init
      00FF836CH   PUBLIC    CODE     ---       LCD_Address_Set
      00FF831DH   PUBLIC    CODE     ---       LCD_Fill
      00FF7A61H   PUBLIC    CODE     ---       LCD_Init
      00FF8434H   PUBLIC    CODE     ---       delay_ms
      00FF84B2H   PUBLIC    CODE     ---       LCD_SetCursor
      00000004H   PUBLIC    EDATA    BYTE      ?LCD_Fill?BYTE
      000000D0H   SFRSYM    DATA     BYTE      PSW
      0000009DH   SFRSYM    DATA     BYTE      IRCBAND
      00000097H   SFRSYM    DATA     BYTE      AUXR2
      000000EFH   SFRSYM    DATA     BYTE      AUXINTIF
      000000FDH   SFRSYM    DATA     BYTE      S4CON
      000000ACH   SFRSYM    DATA     BYTE      S3CON
      0000009AH   SFRSYM    DATA     BYTE      S2CON
      000000B7H   SFRSYM    DATA     BYTE      IPH
      000000CDH   SFRSYM    DATA     BYTE      SPSTAT
      000000DDH   SFRSYM    DATA     BYTE      T4T3M
L251 LINKER/LOCATER V4.66.93.0                                                        11/29/2024  10:57:16  PAGE 20


      000000C1H   SFRSYM    DATA     BYTE      WDT_CONTR
      000000DFH   SFRSYM    DATA     BYTE      IP3
      000000F4H   SFRSYM    DATA     BYTE      USBCON
      000000B5H   SFRSYM    DATA     BYTE      IP2
      000000FFH   SFRSYM    DATA     BYTE      RSTCFG
      000000C7H   SFRSYM    DATA     BYTE      IAP_CONTR
      000000F9H   SFRSYM    DATA     BYTE      LINICR
      0000008EH   SFRSYM    DATA     BYTE      AUXR
      000000AFH   SFRSYM    DATA     BYTE      IE2
      00000088H   SFRSYM    DATA     BYTE      TCON
      00000089H   SFRSYM    DATA     BYTE      TMOD
      00000098H   SFRSYM    DATA     BYTE      SCON
      000000F1H   SFRSYM    DATA     BYTE      CANICR
      00000087H   SFRSYM    DATA     BYTE      PCON
      000000BCH   SFRSYM    DATA     BYTE      ADC_CONTR
      000000E7H   SFRSYM    DATA     BYTE      CMPCR2
      000000E6H   SFRSYM    DATA     BYTE      CMPCR1
      000000A0H.2 SFRSYM    DATA     BIT       LCD_RES
      000000DEH   SFRSYM    DATA     BYTE      ADCCFG
      000000B8H   SFRSYM    DATA     BYTE      IP
      0000008FH   SFRSYM    DATA     BYTE      INTCLKO
      000000EEH   SFRSYM    DATA     BYTE      IP3H
      000000B6H   SFRSYM    DATA     BYTE      IP2H
      000000A8H   SFRSYM    DATA     BYTE      IE
      000000BBH   SFRSYM    DATA     BYTE      P_SW3
      000000A0H.5 SFRSYM    DATA     BIT       LCD_BLK
      000000BAH   SFRSYM    DATA     BYTE      P_SW2
      000000A2H   SFRSYM    DATA     BYTE      P_SW1
      000000CEH   SFRSYM    DATA     BYTE      SPCTL
      000000F8H   SFRSYM    DATA     BYTE      P7
      000000E8H   SFRSYM    DATA     BYTE      P6
      000000C8H   SFRSYM    DATA     BYTE      P5
      000000C0H   SFRSYM    DATA     BYTE      P4
      000000B0H   SFRSYM    DATA     BYTE      P3
      000000A0H   SFRSYM    DATA     BYTE      P2
      00000090H   SFRSYM    DATA     BYTE      P1
      00000080H   SFRSYM    DATA     BYTE      P0

      00FF8434H   BLOCK     CODE     ---       LVL=0
      WR4         REGSYM    ---      WORD      ms
      00FF8436H   BLOCK     CODE     NEAR LAB  LVL=1
      WR6         REGSYM    ---      WORD      i
      ---         BLOCKEND  ---      ---       LVL=1
      00FF8434H   LINE      CODE     ---       #9
      00FF8436H   LINE      CODE     ---       #10
      00FF8436H   LINE      CODE     ---       #12
      00FF8436H   LINE      CODE     ---       #13
      00FF843AH   LINE      CODE     ---       #14
      00FF8442H   LINE      CODE     ---       #15
      00FF844AH   LINE      CODE     ---       #16
      ---         BLOCKEND  ---      ---       LVL=0

      00FF84B2H   BLOCK     CODE     ---       LVL=0
      WR2         REGSYM    ---      WORD      x
      WR0         REGSYM    ---      WORD      y
      00FF84B2H   LINE      CODE     ---       #24
      00FF84B6H   LINE      CODE     ---       #26
      ---         BLOCKEND  ---      ---       LVL=0

      00FF836CH   BLOCK     CODE     ---       LVL=0
      00000027H   SYMBOL    EDATA    WORD      xs
      00000029H   SYMBOL    EDATA    WORD      ys
      WR12        REGSYM    ---      WORD      xe
      WR14        REGSYM    ---      WORD      ye
      00FF836CH   LINE      CODE     ---       #37
L251 LINKER/LOCATER V4.66.93.0                                                        11/29/2024  10:57:16  PAGE 21


      00FF837AH   LINE      CODE     ---       #39
      00FF837AH   LINE      CODE     ---       #41
      00FF837AH   LINE      CODE     ---       #49
      00FF837AH   LINE      CODE     ---       #51
      00FF837AH   LINE      CODE     ---       #61
      00FF837FH   LINE      CODE     ---       #62
      00FF838AH   LINE      CODE     ---       #63
      00FF8393H   LINE      CODE     ---       #64
      00FF8398H   LINE      CODE     ---       #65
      00FF83A3H   LINE      CODE     ---       #66
      00FF83ACH   LINE      CODE     ---       #67
      00FF83B1H   LINE      CODE     ---       #68
      00FF83B1H   LINE      CODE     ---       #71
      00FF83B1H   LINE      CODE     ---       #78
      00FF83B1H   LINE      CODE     ---       #79
      ---         BLOCKEND  ---      ---       LVL=0

      00FF831DH   BLOCK     CODE     ---       LVL=0
      00000008H   SYMBOL    EDATA    WORD      xs
      0000000AH   SYMBOL    EDATA    WORD      ys
      WR14        REGSYM    ---      WORD      xe
      WR12        REGSYM    ---      WORD      ye
      0000000CH   SYMBOL    EDATA    WORD      color
      00FF832BH   BLOCK     CODE     NEAR LAB  LVL=1
      0000000EH   SYMBOL    EDATA    WORD      i
      00000010H   SYMBOL    EDATA    WORD      j
      ---         BLOCKEND  ---      ---       LVL=1
      00FF831DH   LINE      CODE     ---       #89
      00FF832BH   LINE      CODE     ---       #90
      00FF832BH   LINE      CODE     ---       #92
      00FF8336H   LINE      CODE     ---       #93
      00FF833CH   LINE      CODE     ---       #95
      00FF8342H   LINE      CODE     ---       #97
      00FF8349H   LINE      CODE     ---       #98
      00FF8359H   LINE      CODE     ---       #99
      00FF8369H   LINE      CODE     ---       #100
      ---         BLOCKEND  ---      ---       LVL=0

      00FF7A61H   BLOCK     CODE     ---       LVL=0
      00FF7A61H   LINE      CODE     ---       #107
      00FF7A61H   LINE      CODE     ---       #109
      00FF7A64H   LINE      CODE     ---       #110
      00FF7A66H   LINE      CODE     ---       #111
      00FF7A6DH   LINE      CODE     ---       #112
      00FF7A6FH   LINE      CODE     ---       #113
      00FF7A76H   LINE      CODE     ---       #114
      00FF7A78H   LINE      CODE     ---       #115
      00FF7A7FH   LINE      CODE     ---       #116
      00FF7A81H   LINE      CODE     ---       #118
      00FF7A86H   LINE      CODE     ---       #119
      00FF7A8DH   LINE      CODE     ---       #121
      00FF7A92H   LINE      CODE     ---       #122
      00FF7A97H   LINE      CODE     ---       #123
      00FF7A9CH   LINE      CODE     ---       #124
      00FF7AA0H   LINE      CODE     ---       #125
      00FF7AA5H   LINE      CODE     ---       #126
      00FF7AAAH   LINE      CODE     ---       #128
      00FF7AAFH   LINE      CODE     ---       #129
      00FF7AB3H   LINE      CODE     ---       #130
      00FF7AB8H   LINE      CODE     ---       #132
      00FF7ABDH   LINE      CODE     ---       #133
      00FF7ABDH   LINE      CODE     ---       #134
      00FF7ABDH   LINE      CODE     ---       #135
      00FF7AC2H   LINE      CODE     ---       #136
      00FF7AC2H   LINE      CODE     ---       #138
L251 LINKER/LOCATER V4.66.93.0                                                        11/29/2024  10:57:16  PAGE 22


      00FF7AC7H   LINE      CODE     ---       #139
      00FF7ACCH   LINE      CODE     ---       #141
      00FF7AD1H   LINE      CODE     ---       #142
      00FF7AD6H   LINE      CODE     ---       #144
      00FF7ADBH   LINE      CODE     ---       #145
      00FF7AE0H   LINE      CODE     ---       #147
      00FF7AE5H   LINE      CODE     ---       #148
      00FF7AEAH   LINE      CODE     ---       #150
      00FF7AEFH   LINE      CODE     ---       #151
      00FF7AF4H   LINE      CODE     ---       #153
      00FF7AF9H   LINE      CODE     ---       #154
      00FF7AFEH   LINE      CODE     ---       #156
      00FF7B03H   LINE      CODE     ---       #157
      00FF7B08H   LINE      CODE     ---       #159
      00FF7B0DH   LINE      CODE     ---       #160
      00FF7B12H   LINE      CODE     ---       #162
      00FF7B17H   LINE      CODE     ---       #163
      00FF7B1CH   LINE      CODE     ---       #164
      00FF7B21H   LINE      CODE     ---       #166
      00FF7B26H   LINE      CODE     ---       #167
      00FF7B2BH   LINE      CODE     ---       #169
      00FF7B30H   LINE      CODE     ---       #170
      00FF7B35H   LINE      CODE     ---       #171
      00FF7B3AH   LINE      CODE     ---       #172
      00FF7B3FH   LINE      CODE     ---       #173
      00FF7B44H   LINE      CODE     ---       #174
      00FF7B49H   LINE      CODE     ---       #175
      00FF7B4EH   LINE      CODE     ---       #176
      00FF7B53H   LINE      CODE     ---       #177
      00FF7B58H   LINE      CODE     ---       #178
      00FF7B5DH   LINE      CODE     ---       #179
      00FF7B62H   LINE      CODE     ---       #180
      00FF7B67H   LINE      CODE     ---       #181
      00FF7B6CH   LINE      CODE     ---       #182
      00FF7B71H   LINE      CODE     ---       #183
      00FF7B76H   LINE      CODE     ---       #185
      00FF7B7BH   LINE      CODE     ---       #186
      00FF7B80H   LINE      CODE     ---       #187
      00FF7B85H   LINE      CODE     ---       #188
      00FF7B8AH   LINE      CODE     ---       #189
      00FF7B8FH   LINE      CODE     ---       #190
      00FF7B94H   LINE      CODE     ---       #191
      00FF7B99H   LINE      CODE     ---       #192
      00FF7B9EH   LINE      CODE     ---       #193
      00FF7BA3H   LINE      CODE     ---       #194
      00FF7BA8H   LINE      CODE     ---       #195
      00FF7BADH   LINE      CODE     ---       #196
      00FF7BB2H   LINE      CODE     ---       #197
      00FF7BB7H   LINE      CODE     ---       #198
      00FF7BBCH   LINE      CODE     ---       #199
      00FF7BC1H   LINE      CODE     ---       #200
      00FF7BC6H   LINE      CODE     ---       #201
      00FF7BCDH   LINE      CODE     ---       #202
      ---         BLOCKEND  ---      ---       LVL=0

      ---         MODULE    ---      ---       spi
      00FF84A2H   PUBLIC    CODE     ---       LCD_WR_DATA8
      00FF84AAH   PUBLIC    CODE     ---       LCD_WR_REG
      00FF8461H   PUBLIC    CODE     ---       LCD_WR_DATA
      00FF83FBH   PUBLIC    CODE     ---       LCD_WR_Bus
      00FF84B9H   PUBLIC    CODE     ---       LCD_GPIOInit
      000000D0H   SFRSYM    DATA     BYTE      PSW
      0000009DH   SFRSYM    DATA     BYTE      IRCBAND
      00000097H   SFRSYM    DATA     BYTE      AUXR2
      000000A0H.1 SFRSYM    DATA     BIT       LCD_MOSI
L251 LINKER/LOCATER V4.66.93.0                                                        11/29/2024  10:57:16  PAGE 23


      000000EFH   SFRSYM    DATA     BYTE      AUXINTIF
      000000FDH   SFRSYM    DATA     BYTE      S4CON
      000000ACH   SFRSYM    DATA     BYTE      S3CON
      0000009AH   SFRSYM    DATA     BYTE      S2CON
      000000B7H   SFRSYM    DATA     BYTE      IPH
      000000CDH   SFRSYM    DATA     BYTE      SPSTAT
      000000DDH   SFRSYM    DATA     BYTE      T4T3M
      000000C1H   SFRSYM    DATA     BYTE      WDT_CONTR
      000000DFH   SFRSYM    DATA     BYTE      IP3
      000000F4H   SFRSYM    DATA     BYTE      USBCON
      000000B5H   SFRSYM    DATA     BYTE      IP2
      000000FFH   SFRSYM    DATA     BYTE      RSTCFG
      000000A0H.4 SFRSYM    DATA     BIT       LCD_CS
      000000C7H   SFRSYM    DATA     BYTE      IAP_CONTR
      000000F9H   SFRSYM    DATA     BYTE      LINICR
      0000008EH   SFRSYM    DATA     BYTE      AUXR
      000000AFH   SFRSYM    DATA     BYTE      IE2
      000000A0H.3 SFRSYM    DATA     BIT       LCD_DC
      00000088H   SFRSYM    DATA     BYTE      TCON
      00000089H   SFRSYM    DATA     BYTE      TMOD
      00000098H   SFRSYM    DATA     BYTE      SCON
      000000F1H   SFRSYM    DATA     BYTE      CANICR
      00000087H   SFRSYM    DATA     BYTE      PCON
      000000BCH   SFRSYM    DATA     BYTE      ADC_CONTR
      000000E7H   SFRSYM    DATA     BYTE      CMPCR2
      000000E6H   SFRSYM    DATA     BYTE      CMPCR1
      000000DEH   SFRSYM    DATA     BYTE      ADCCFG
      000000B8H   SFRSYM    DATA     BYTE      IP
      0000008FH   SFRSYM    DATA     BYTE      INTCLKO
      000000A0H.0 SFRSYM    DATA     BIT       LCD_SCK
      000000EEH   SFRSYM    DATA     BYTE      IP3H
      000000B6H   SFRSYM    DATA     BYTE      IP2H
      000000A8H   SFRSYM    DATA     BYTE      IE
      000000BBH   SFRSYM    DATA     BYTE      P_SW3
      000000BAH   SFRSYM    DATA     BYTE      P_SW2
      000000A2H   SFRSYM    DATA     BYTE      P_SW1
      000000CEH   SFRSYM    DATA     BYTE      SPCTL
      000000F8H   SFRSYM    DATA     BYTE      P7
      000000E8H   SFRSYM    DATA     BYTE      P6
      000000C8H   SFRSYM    DATA     BYTE      P5
      000000C0H   SFRSYM    DATA     BYTE      P4
      000000B0H   SFRSYM    DATA     BYTE      P3
      000000A0H   SFRSYM    DATA     BYTE      P2
      00000090H   SFRSYM    DATA     BYTE      P1
      00000080H   SFRSYM    DATA     BYTE      P0

      00FF84B9H   BLOCK     CODE     ---       LVL=0
      00FF84B9H   LINE      CODE     ---       #3
      00FF84B9H   LINE      CODE     ---       #9
      ---         BLOCKEND  ---      ---       LVL=0

      00FF83FBH   BLOCK     CODE     ---       LVL=0
      R6          REGSYM    ---      BYTE      dat
      00FF83FDH   BLOCK     CODE     NEAR LAB  LVL=1
      R7          REGSYM    ---      BYTE      i
      ---         BLOCKEND  ---      ---       LVL=1
      00FF83FBH   LINE      CODE     ---       #16
      00FF83FDH   LINE      CODE     ---       #17
      00FF83FDH   LINE      CODE     ---       #19
      00FF83FFH   LINE      CODE     ---       #20
      00FF8402H   LINE      CODE     ---       #22
      00FF8404H   LINE      CODE     ---       #23
      00FF8409H   LINE      CODE     ---       #25
      00FF840BH   LINE      CODE     ---       #26
      00FF840DH   LINE      CODE     ---       #29
L251 LINKER/LOCATER V4.66.93.0                                                        11/29/2024  10:57:16  PAGE 24


      00FF840FH   LINE      CODE     ---       #30
      00FF840FH   LINE      CODE     ---       #31
      00FF8411H   LINE      CODE     ---       #32
      00FF8413H   LINE      CODE     ---       #33
      00FF8417H   LINE      CODE     ---       #34
      00FF8419H   LINE      CODE     ---       #35
      ---         BLOCKEND  ---      ---       LVL=0

      00FF84AAH   BLOCK     CODE     ---       LVL=0
      R7          REGSYM    ---      BYTE      reg
      00FF84AAH   LINE      CODE     ---       #42
      00FF84AAH   LINE      CODE     ---       #44
      00FF84ACH   LINE      CODE     ---       #45
      00FF84AFH   LINE      CODE     ---       #46
      00FF84B1H   LINE      CODE     ---       #47
      ---         BLOCKEND  ---      ---       LVL=0

      00FF84A2H   BLOCK     CODE     ---       LVL=0
      R7          REGSYM    ---      BYTE      dat
      00FF84A2H   LINE      CODE     ---       #54
      00FF84A2H   LINE      CODE     ---       #56
      00FF84A4H   LINE      CODE     ---       #57
      00FF84A7H   LINE      CODE     ---       #58
      00FF84A9H   LINE      CODE     ---       #59
      ---         BLOCKEND  ---      ---       LVL=0

      00FF8461H   BLOCK     CODE     ---       LVL=0
      WR14        REGSYM    ---      WORD      dat
      00FF8461H   LINE      CODE     ---       #66
      00FF8465H   LINE      CODE     ---       #68
      00FF8467H   LINE      CODE     ---       #69
      00FF846CH   LINE      CODE     ---       #70
      00FF8471H   LINE      CODE     ---       #71
      00FF8473H   LINE      CODE     ---       #72
      ---         BLOCKEND  ---      ---       LVL=0

      ---         MODULE    ---      ---       ?C?FPMUL
      00FF6DB7H   PUBLIC    CODE     ---       ?C?FPMUL

      ---         MODULE    ---      ---       ?C?FCAST
      00FF6E61H   PUBLIC    CODE     NEAR LAB  ?C?FCASTC
      00FF6E5CH   PUBLIC    CODE     NEAR LAB  ?C?FCASTI
      00FF6E57H   PUBLIC    CODE     NEAR LAB  ?C?FCASTL

      ---         MODULE    ---      ---       ?C?CASTF
      00FF6E94H   PUBLIC    CODE     NEAR LAB  ?C?CASTF

      ---         MODULE    ---      ---       ?C?FPGETOPN
      00FF6ED1H   PUBLIC    CODE     ---       ?C?FPGETOPN2
      00FF6F0EH   PUBLIC    CODE     ---       ?C?FPNANRESULT
      00FF6F16H   PUBLIC    CODE     ---       ?C?FPOVERFLOW
      00FF6EEAH   PUBLIC    CODE     ---       ?C?FPRESULT
      00FF6F00H   PUBLIC    CODE     ---       ?C?FPRESULT2
      00FF6F13H   PUBLIC    CODE     ---       ?C?FPUNDERFLOW

      ---         MODULE    ---      ---       ?C_START
      00FF0000H   PUBLIC    CODE     ---       ?C?STARTUP
      00FF0000H   PUBLIC    CODE     ---       ?C_STARTUP

      ---         MODULE    ---      ---       ?C?SIDIV
      00FF6F22H   PUBLIC    CODE     ---       ?C?SIDIV

      ---         MODULE    ---      ---       ?C?LMUL
      00FF6F54H   PUBLIC    CODE     ---       ?C?LMUL

L251 LINKER/LOCATER V4.66.93.0                                                        11/29/2024  10:57:16  PAGE 25


      ---         MODULE    ---      ---       ?C?ULDIV
      00FF6F67H   PUBLIC    CODE     NEAR LAB  ?C?ULDIV
      00FF6F65H   PUBLIC    CODE     NEAR LAB  ?C?ULIDIV

      ---         MODULE    ---      ---       STRLEN
      00FF8494H   PUBLIC    CODE     ---       strlen?_



*** WARNING L57: UNCALLED FUNCTION, IGNORED FOR OVERLAY PROCESS
    NAME:    LCD_DrawTriangel/lcd

*** WARNING L57: UNCALLED FUNCTION, IGNORED FOR OVERLAY PROCESS
    NAME:    LCD_ShowFloatNum/lcd

*** WARNING L57: UNCALLED FUNCTION, IGNORED FOR OVERLAY PROCESS
    NAME:    LCD_ShowNum/lcd

*** WARNING L57: UNCALLED FUNCTION, IGNORED FOR OVERLAY PROCESS
    NAME:    LCD_DrawCircle/lcd

*** WARNING L57: UNCALLED FUNCTION, IGNORED FOR OVERLAY PROCESS
    NAME:    LCD_StrCenter/lcd

*** WARNING L57: UNCALLED FUNCTION, IGNORED FOR OVERLAY PROCESS
    NAME:    LCD_DrawRectangle/lcd

*** WARNING L57: UNCALLED FUNCTION, IGNORED FOR OVERLAY PROCESS
    NAME:    LCD_DrawFillRectangle/lcd

Program Size: data=8.0 edata+hdata=406 xdata=0 const=44 code=33978
L251 RUN COMPLETE.  7 WARNING(S),  0 ERROR(S)
