L251 LINKER/LOCATER V4.66.93.0                                                          11/29/2024  15:02:27  PAGE 1


L251 LINKER/LOCATER V4.66.93.0, INVOKED BY:
D:\KEIL_V5\C251\BIN\L251.EXE main.obj, lcd.obj, lcd_init.obj, spi.obj TO STC-LCD-ZJY225KP CASE CLASSES (EDATA (0X0-0XFFF
>> ), HDATA (0X0-0XFFF))


CPU MODE:     251 SOURCE MODE
MEMORY MODEL: XSMALL WITH FLOATING POINT ARITHMETIC


INPUT MODULES INCLUDED:
  main.obj (main)
         COMMENT TYPE 0: C251 V5.60.0
  lcd.obj (lcd)
         COMMENT TYPE 0: C251 V5.60.0
  lcd_init.obj (lcd_init)
         COMMENT TYPE 0: C251 V5.60.0
  spi.obj (spi)
         COMMENT TYPE 0: C251 V5.60.0
  D:\KEIL_V5\C251\LIB\C2SFPXS.LIB (?C?FPMUL)
         COMMENT TYPE 0: A251 V4.69.6.0
  D:\KEIL_V5\C251\LIB\C2SFPXS.LIB (?C?FCAST)
         COMMENT TYPE 0: A251 V4.69.6.0
  D:\KEIL_V5\C251\LIB\C2SFPXS.LIB (?C?CASTF)
         COMMENT TYPE 0: A251 V4.69.6.0
  D:\KEIL_V5\C251\LIB\C2SFPXS.LIB (?C?FPGETOPN)
         COMMENT TYPE 0: A251 V4.69.6.0
  D:\KEIL_V5\C251\LIB\C2SXS.LIB (?C_START)
         COMMENT TYPE 0: A251 V4.69.6.0
  D:\KEIL_V5\C251\LIB\C2SXS.LIB (?C?SIDIV)
         COMMENT TYPE 0: A251 V4.69.6.0
  D:\KEIL_V5\C251\LIB\C2SXS.LIB (?C?LMUL)
         COMMENT TYPE 0: A251 V4.69.6.0
  D:\KEIL_V5\C251\LIB\C2SXS.LIB (?C?ULDIV)
         COMMENT TYPE 0: A251 V4.69.6.0
  D:\KEIL_V5\C251\LIB\C2SXS.LIB (STRLEN)
         COMMENT TYPE 0: C251 V5.58.7


ACTIVE MEMORY CLASSES OF MODULE:  STC-LCD-ZJY225KP (main)

BASE        START       END         USED      MEMORY CLASS
==========================================================
000000H     000000H     000FFFH     000196H   EDATA
000000H     000000H     000FFFH               HDATA
000000H     FF0000H     FFFFFFH     002513H   HCONST
FF0000H     FF0000H     FFFFFFH     008658H   CODE
000000H     000000H     00007FH     000008H   DATA


MEMORY MAP OF MODULE:  STC-LCD-ZJY225KP (main)


START     STOP      LENGTH    ALIGN  RELOC    MEMORY CLASS   SEGMENT NAME
=========================================================================
000000H   000007H   000008H   ---    AT..     DATA           "REG BANK 0"
000008H   00002AH   000023H   BYTE   UNIT     EDATA          _EDATA_GROUP_
00002BH   000043H   000019H   BYTE   UNIT     EDATA          ?ED?LCD_SHOWFLOATNUM?LCD
000044H   000055H   000012H   BYTE   UNIT     EDATA          ?ED?LCD_DRAWLINE?LCD
000056H   000064H   00000FH   BYTE   UNIT     EDATA          ?ED?LCD_SHOWNUM?LCD
000065H   000071H   00000DH   BYTE   UNIT     EDATA          ?ED?LCD_SHOWSTR?LCD
000072H   00007DH   00000CH   BYTE   UNIT     EDATA          ?ED?LCD_DRAWCIRCLE?LCD
00007EH   000087H   00000AH   BYTE   UNIT     EDATA          ?ED?LCD_DRAWTRIANGEL?LCD
000088H   00008FH   000008H   BYTE   UNIT     EDATA          ?ED?LCD_STRCENTER?LCD
000090H   000095H   000006H   BYTE   UNIT     EDATA          ?ED?LCD_DRAWRECTANGLE?LCD
000096H   00009BH   000006H   BYTE   UNIT     EDATA          ?ED?DRAW_CIRCLE?LCD
00009CH   00009DH   000002H   BYTE   UNIT     EDATA          ?ED?LCD_DRAWFILLRECTANGLE?LCD
L251 LINKER/LOCATER V4.66.93.0                                                        11/29/2024  15:02:27  PAGE 2


00009EH   00019DH   000100H   BYTE   UNIT     EDATA          ?STACK
00019EH   FEFFFFH   FEFE62H   ---    ---      **GAP**
FF0000H   FF0002H   000003H   ---    OFFS..   CODE           ?CO?start251?4
FF0003H   FF3F36H   003F34H   BYTE   UNIT     CODE           ?CO?LCD
FF3F37H   FF6D26H   002DF0H   BYTE   UNIT     CODE           ?CO?MAIN
FF6D27H   FF6F54H   00022EH   BYTE   INSEG    CODE           ?PR?MAIN?MAIN
FF6F55H   FF7155H   000201H   BYTE   UNIT     CODE           ?C?LIB_CODE
FF7156H   FF7329H   0001D4H   BYTE   INSEG    CODE           ?PR?LCD_SHOWCHINESE12X12?LCD
FF732AH   FF74FDH   0001D4H   BYTE   INSEG    CODE           ?PR?LCD_SHOWCHINESE32X32?LCD
FF74FEH   FF76D1H   0001D4H   BYTE   INSEG    CODE           ?PR?LCD_SHOWCHINESE24X24?LCD
FF76D2H   FF78A5H   0001D4H   BYTE   INSEG    CODE           ?PR?LCD_SHOWCHINESE16X16?LCD
FF78A6H   FF7A55H   0001B0H   BYTE   INSEG    CODE           ?PR?LCD_SHOWSTR?LCD
FF7A56H   FF7BFEH   0001A9H   BYTE   INSEG    CODE           ?PR?LCD_SHOWCHAR?LCD
FF7BFFH   FF7D6FH   000171H   BYTE   INSEG    CODE           ?PR?LCD_INIT?LCD_INIT
FF7D70H   FF7E94H   000125H   BYTE   INSEG    CODE           ?PR?LCD_DRAWCIRCLE?LCD
FF7E95H   FF7FA7H   000113H   BYTE   INSEG    CODE           ?PR?LCD_SHOWFLOATNUM?LCD
FF7FA8H   FF80A5H   0000FEH   BYTE   INSEG    CODE           ?PR?LCD_DRAWLINE?LCD
FF80A6H   FF8192H   0000EDH   BYTE   INSEG    CODE           ?PR?LCD_SHOWCHINESE?LCD
FF8193H   FF8273H   0000E1H   BYTE   INSEG    CODE           ?PR?LCD_SHOWNUM?LCD
FF8274H   FF831CH   0000A9H   BYTE   INSEG    CODE           ?PR?DRAW_CIRCLE?LCD
FF831DH   FF8399H   00007DH   BYTE   INSEG    CODE           ?PR?LCD_SHOWPICTURE?LCD
FF839AH   FF8400H   000067H   BYTE   INSEG    CODE           ?PR?LCD_DRAWRECTANGLE?LCD
FF8401H   FF8464H   000064H   BYTE   INSEG    CODE           ?PR?LCD_SHOWSTRING?LCD
FF8465H   FF84BAH   000056H   BYTE   INSEG    CODE           ?PR?LCD_DRAWTRIANGEL?LCD
FF84BBH   FF8509H   00004FH   BYTE   INSEG    CODE           ?PR?LCD_FILL?LCD_INIT
FF850AH   FF8551H   000048H   BYTE   INSEG    CODE           ?PR?LCD_ADDRESS_SET?LCD_INIT
FF8552H   FF8598H   000047H   BYTE   INSEG    CODE           ?PR?LCD_STRCENTER?LCD
FF8599H   FF85B7H   00001FH   BYTE   INSEG    CODE           ?PR?LCD_WR_BUS?SPI
FF85B8H   FF85D1H   00001AH   BYTE   INSEG    CODE           ?PR?MYPOW?LCD
FF85D2H   FF85E8H   000017H   BYTE   INSEG    CODE           ?PR?DELAY_MS?LCD_INIT
FF85E9H   FF85FBH   000013H   BYTE   UNIT     CODE           ?C_C51STARTUP
FF85FCH   FF85FEH   000003H   BYTE   UNIT     CODE           ?C_C51STARTUP?3
FF85FFH   FF8613H   000015H   BYTE   INSEG    CODE           ?PR?LCD_WR_DATA?SPI
FF8614H   FF8622H   00000FH   BYTE   INSEG    CODE           ?PR?LCD_DRAWPOINT?LCD
FF8623H   FF8631H   00000FH   BYTE   INSEG    CODE           ?PR?LCD_DRAWFILLRECTANGLE?LCD
FF8632H   FF863FH   00000EH   BYTE   INSEG    CODE           ?PR?STRLEN?_?STRLEN
FF8640H   FF8647H   000008H   BYTE   INSEG    CODE           ?PR?LCD_WR_DATA8?SPI
FF8648H   FF864FH   000008H   BYTE   INSEG    CODE           ?PR?LCD_WR_REG?SPI
FF8650H   FF8656H   000007H   BYTE   INSEG    CODE           ?PR?LCD_SETCURSOR?LCD_INIT
FF8657H   FF8657H   000001H   BYTE   INSEG    CODE           ?PR?LCD_GPIOINIT?SPI
FF8658H   FFAB6AH   002513H   BYTE   UNIT     HCONST         ?HC?MAIN



OVERLAY MAP OF MODULE:   STC-LCD-ZJY225KP (main)


FUNCTION/MODULE                EDATA_GROUP
--> CALLED FUNCTION/MODULE     START  STOP
==========================================
?C_C51STARTUP                  ----- -----

*** NEW ROOT *****************

?C_C51STARTUP?3                ----- -----
  +--> main/main

main/main                      ----- -----
  +--> LCD_Init/lcd_init
  +--> LCD_Fill/lcd_init
  +--> LCD_ShowPicture/lcd
  +--> LCD_ShowString/lcd
  +--> delay_ms/lcd_init
  +--> LCD_ShowChinese/lcd

L251 LINKER/LOCATER V4.66.93.0                                                        11/29/2024  15:02:27  PAGE 3


LCD_Init/lcd_init              ----- -----
  +--> LCD_GPIOInit/spi
  +--> delay_ms/lcd_init
  +--> LCD_WR_REG/spi
  +--> LCD_WR_DATA8/spi

LCD_GPIOInit/spi               ----- -----

delay_ms/lcd_init              ----- -----

LCD_WR_REG/spi                 ----- -----
  +--> LCD_WR_Bus/spi

LCD_WR_Bus/spi                 ----- -----

LCD_WR_DATA8/spi               ----- -----
  +--> LCD_WR_Bus/spi

LCD_Fill/lcd_init              0008H 0011H
  +--> LCD_Address_Set/lcd_init
  +--> LCD_WR_DATA/spi

LCD_Address_Set/lcd_init       0027H 002AH
  +--> LCD_WR_REG/spi
  +--> LCD_WR_DATA/spi

LCD_WR_DATA/spi                ----- -----
  +--> LCD_WR_Bus/spi

LCD_ShowPicture/lcd            0008H 0015H
  +--> LCD_Address_Set/lcd_init
  +--> LCD_WR_DATA/spi

LCD_ShowString/lcd             0008H 0012H
  +--> LCD_ShowChar/lcd

LCD_ShowChar/lcd               0013H 0023H
  +--> LCD_Address_Set/lcd_init
  +--> LCD_WR_DATA/spi
  +--> LCD_DrawPoint/lcd

LCD_DrawPoint/lcd              ----- -----
  +--> LCD_SetCursor/lcd_init
  +--> LCD_WR_DATA/spi

LCD_SetCursor/lcd_init         ----- -----
  +--> LCD_Address_Set/lcd_init

LCD_ShowChinese/lcd            0008H 0011H
  +--> LCD_ShowChinese12x12/lcd
  +--> LCD_ShowChinese16x16/lcd
  +--> LCD_ShowChinese24x24/lcd
  +--> LCD_ShowChinese32x32/lcd

LCD_ShowChinese12x12/lcd       0012H 0026H
  +--> LCD_Address_Set/lcd_init
  +--> LCD_WR_DATA/spi
  +--> LCD_DrawPoint/lcd

LCD_ShowChinese16x16/lcd       0012H 0026H
  +--> LCD_Address_Set/lcd_init
  +--> LCD_WR_DATA/spi
  +--> LCD_DrawPoint/lcd

LCD_ShowChinese24x24/lcd       0012H 0026H
L251 LINKER/LOCATER V4.66.93.0                                                        11/29/2024  15:02:27  PAGE 4


  +--> LCD_Address_Set/lcd_init
  +--> LCD_WR_DATA/spi
  +--> LCD_DrawPoint/lcd

LCD_ShowChinese32x32/lcd       0012H 0026H
  +--> LCD_Address_Set/lcd_init
  +--> LCD_WR_DATA/spi
  +--> LCD_DrawPoint/lcd



PUBLIC SYMBOLS OF MODULE:  STC-LCD-ZJY225KP (main)


      VALUE       CLASS    TYPE      PUBLIC SYMBOL NAME
      =================================================
      00FF7032H   CODE     NEAR LAB  ?C?CASTF
      000000FFH   NUMBER   ---       ?C?CODESEG
      00FF6FFFH   CODE     NEAR LAB  ?C?FCASTC
      00FF6FFAH   CODE     NEAR LAB  ?C?FCASTI
      00FF6FF5H   CODE     NEAR LAB  ?C?FCASTL
      00FF706FH   CODE     ---       ?C?FPGETOPN2
      00FF6F55H   CODE     ---       ?C?FPMUL
      00FF70ACH   CODE     ---       ?C?FPNANRESULT
      00FF70B4H   CODE     ---       ?C?FPOVERFLOW
      00FF7088H   CODE     ---       ?C?FPRESULT
      00FF709EH   CODE     ---       ?C?FPRESULT2
      00FF70B1H   CODE     ---       ?C?FPUNDERFLOW
      00FF70F2H   CODE     ---       ?C?LMUL
      00FF70C0H   CODE     ---       ?C?SIDIV
      00FF0000H   CODE     ---       ?C?STARTUP
      00FF7105H   CODE     NEAR LAB  ?C?ULDIV
      00FF7103H   CODE     NEAR LAB  ?C?ULIDIV
      00000001H   NUMBER   ---       ?C?XDATASEG
      00FF0000H   CODE     ---       ?C_STARTUP
      00000092H   EDATA    BYTE      ?Draw_Circle?BYTE
      0000006CH   EDATA    BYTE      ?LCD_DrawCircle?BYTE
      00000094H   EDATA    BYTE      ?LCD_DrawFillRectangle?BYTE
      0000003CH   EDATA    BYTE      ?LCD_DrawLine?BYTE
      0000008CH   EDATA    BYTE      ?LCD_DrawRectangle?BYTE
      0000007AH   EDATA    BYTE      ?LCD_DrawTriangel?BYTE
      00000004H   EDATA    BYTE      ?LCD_Fill?BYTE
      0000000FH   EDATA    BYTE      ?LCD_ShowChar?BYTE
      0000000EH   EDATA    BYTE      ?LCD_ShowChinese12x12?BYTE
      0000000EH   EDATA    BYTE      ?LCD_ShowChinese16x16?BYTE
      0000000EH   EDATA    BYTE      ?LCD_ShowChinese24x24?BYTE
      0000000EH   EDATA    BYTE      ?LCD_ShowChinese32x32?BYTE
      00000004H   EDATA    BYTE      ?LCD_ShowChinese?BYTE
      00000027H   EDATA    BYTE      ?LCD_ShowFloatNum?BYTE
      00000052H   EDATA    BYTE      ?LCD_ShowNum?BYTE
      00000000H   EDATA    BYTE      ?LCD_ShowPicture?BYTE
      00000061H   EDATA    BYTE      ?LCD_ShowStr?BYTE
      00000004H   EDATA    BYTE      ?LCD_ShowString?BYTE
      00000082H   EDATA    BYTE      ?LCD_StrCenter?BYTE
*SFR* 000000BCH   DATA     BYTE      ADC_CONTR
*SFR* 000000DEH   DATA     BYTE      ADCCFG
      00FF1D13H   CODE     ---       ascii_1206
      00FF3947H   CODE     ---       ascii_1608
      00FF0B43H   CODE     ---       ascii_2412
      00FF2187H   CODE     ---       ascii_3216
*SFR* 000000EFH   DATA     BYTE      AUXINTIF
*SFR* 0000008EH   DATA     BYTE      AUXR
*SFR* 00000097H   DATA     BYTE      AUXR2
*SFR* 000000F1H   DATA     BYTE      CANICR
*SFR* 000000EAH   DATA     BYTE      CKCON
L251 LINKER/LOCATER V4.66.93.0                                                        11/29/2024  15:02:27  PAGE 5


*SFR* 000000E6H   DATA     BYTE      CMPCR1
*SFR* 000000E7H   DATA     BYTE      CMPCR2
      00FF85D2H   CODE     ---       delay_ms
      00FF8274H   CODE     ---       Draw_Circle
*SFR* 000000A8H.7 DATA     BIT       EA
*SFR* 000000BAH.7 DATA     BIT       EAXFR
      00FF3F37H   CODE     ---       gImage_1
*SFR* 000000C7H   DATA     BYTE      IAP_CONTR
*SFR* 000000A8H   DATA     BYTE      IE
*SFR* 000000AFH   DATA     BYTE      IE2
*SFR* 0000008FH   DATA     BYTE      INTCLKO
*SFR* 000000B8H   DATA     BYTE      IP
*SFR* 000000B5H   DATA     BYTE      IP2
*SFR* 000000B6H   DATA     BYTE      IP2H
*SFR* 000000DFH   DATA     BYTE      IP3
*SFR* 000000EEH   DATA     BYTE      IP3H
*SFR* 000000B7H   DATA     BYTE      IPH
*SFR* 0000009DH   DATA     BYTE      IRCBAND
      00FF850AH   CODE     ---       LCD_Address_Set
*SFR* 000000A0H.5 DATA     BIT       LCD_BLK
*SFR* 000000A0H.4 DATA     BIT       LCD_CS
*SFR* 000000A0H.3 DATA     BIT       LCD_DC
      00FF7D70H   CODE     ---       LCD_DrawCircle
      00FF8623H   CODE     ---       LCD_DrawFillRectangle
      00FF7FA8H   CODE     ---       LCD_DrawLine
      00FF8614H   CODE     ---       LCD_DrawPoint
      00FF839AH   CODE     ---       LCD_DrawRectangle
      00FF8465H   CODE     ---       LCD_DrawTriangel
      00FF84BBH   CODE     ---       LCD_Fill
      00FF8657H   CODE     ---       LCD_GPIOInit
      00FF7BFFH   CODE     ---       LCD_Init
*SFR* 000000A0H.1 DATA     BIT       LCD_MOSI
*SFR* 000000A0H.2 DATA     BIT       LCD_RES
*SFR* 000000A0H.0 DATA     BIT       LCD_SCK
      00FF8650H   CODE     ---       LCD_SetCursor
      00FF7A56H   CODE     ---       LCD_ShowChar
      00FF80A6H   CODE     ---       LCD_ShowChinese
      00FF7156H   CODE     ---       LCD_ShowChinese12x12
      00FF76D2H   CODE     ---       LCD_ShowChinese16x16
      00FF74FEH   CODE     ---       LCD_ShowChinese24x24
      00FF732AH   CODE     ---       LCD_ShowChinese32x32
      00FF7E95H   CODE     ---       LCD_ShowFloatNum
      00FF8193H   CODE     ---       LCD_ShowNum
      00FF831DH   CODE     ---       LCD_ShowPicture
      00FF78A6H   CODE     ---       LCD_ShowStr
      00FF8401H   CODE     ---       LCD_ShowString
      00FF8552H   CODE     ---       LCD_StrCenter
      00FF8599H   CODE     ---       LCD_WR_Bus
      00FF85FFH   CODE     ---       LCD_WR_DATA
      00FF8640H   CODE     ---       LCD_WR_DATA8
      00FF8648H   CODE     ---       LCD_WR_REG
*SFR* 000000F9H   DATA     BYTE      LINICR
      00FF6D27H   CODE     ---       main
      00FF85B8H   CODE     ---       mypow
*SFR* 00000080H   DATA     BYTE      P0
*SFR* 00000090H   DATA     BYTE      P1
*SFR* 000000A0H   DATA     BYTE      P2
*SFR* 00000096H   DATA     BYTE      P2M0
*SFR* 00000095H   DATA     BYTE      P2M1
*SFR* 000000B0H   DATA     BYTE      P3
*SFR* 000000C0H   DATA     BYTE      P4
*SFR* 000000C8H   DATA     BYTE      P5
*SFR* 000000E8H   DATA     BYTE      P6
*SFR* 000000F8H   DATA     BYTE      P7
*SFR* 000000A2H   DATA     BYTE      P_SW1
L251 LINKER/LOCATER V4.66.93.0                                                        11/29/2024  15:02:27  PAGE 6


*SFR* 000000BAH   DATA     BYTE      P_SW2
*SFR* 000000BBH   DATA     BYTE      P_SW3
*SFR* 00000087H   DATA     BYTE      PCON
*SFR* 000000D0H   DATA     BYTE      PSW
*SFR* 000000FFH   DATA     BYTE      RSTCFG
*SFR* 0000009AH   DATA     BYTE      S2CON
*SFR* 000000ACH   DATA     BYTE      S3CON
*SFR* 000000FDH   DATA     BYTE      S4CON
*SFR* 00000098H   DATA     BYTE      SCON
*SFR* 000000CEH   DATA     BYTE      SPCTL
*SFR* 000000CDH   DATA     BYTE      SPSTAT
      00FF8632H   CODE     ---       strlen?_
*SFR* 000000DDH   DATA     BYTE      T4T3M
*SFR* 00000088H   DATA     BYTE      TCON
      00FF0003H   CODE     ---       tfont12
      00FF0490H   CODE     ---       tfont16
      00FF0319H   CODE     ---       tfont24
      00FF008AH   CODE     ---       tfont32
*SFR* 00000089H   DATA     BYTE      TMOD
      00FF869BH   HCONST   ---       tuolaji
*SFR* 000000F4H   DATA     BYTE      USBCON
*SFR* 000000C1H   DATA     BYTE      WDT_CONTR
*SFR* 000000E9H   DATA     BYTE      WTST



SYMBOL TABLE OF MODULE:  STC-LCD-ZJY225KP (main)

      VALUE       REP       CLASS    TYPE      SYMBOL NAME
      ====================================================
      ---         MODULE    ---      ---       main
      00FF869BH   PUBLIC    HCONST   ---       tuolaji
      00FF6D27H   PUBLIC    CODE     ---       main
      00FF3F37H   PUBLIC    CODE     ---       gImage_1
      000000D0H   SFRSYM    DATA     BYTE      PSW
      000000BAH.7 SFRSYM    DATA     BIT       EAXFR
      0000009DH   SFRSYM    DATA     BYTE      IRCBAND
      00000097H   SFRSYM    DATA     BYTE      AUXR2
      000000EAH   SFRSYM    DATA     BYTE      CKCON
      000000EFH   SFRSYM    DATA     BYTE      AUXINTIF
      000000FDH   SFRSYM    DATA     BYTE      S4CON
      000000ACH   SFRSYM    DATA     BYTE      S3CON
      0000009AH   SFRSYM    DATA     BYTE      S2CON
      000000B7H   SFRSYM    DATA     BYTE      IPH
      000000CDH   SFRSYM    DATA     BYTE      SPSTAT
      000000DDH   SFRSYM    DATA     BYTE      T4T3M
      000000C1H   SFRSYM    DATA     BYTE      WDT_CONTR
      000000E9H   SFRSYM    DATA     BYTE      WTST
      000000DFH   SFRSYM    DATA     BYTE      IP3
      000000F4H   SFRSYM    DATA     BYTE      USBCON
      000000B5H   SFRSYM    DATA     BYTE      IP2
      000000FFH   SFRSYM    DATA     BYTE      RSTCFG
      000000C7H   SFRSYM    DATA     BYTE      IAP_CONTR
      000000F9H   SFRSYM    DATA     BYTE      LINICR
      0000008EH   SFRSYM    DATA     BYTE      AUXR
      000000AFH   SFRSYM    DATA     BYTE      IE2
      00000088H   SFRSYM    DATA     BYTE      TCON
      00000089H   SFRSYM    DATA     BYTE      TMOD
      00000098H   SFRSYM    DATA     BYTE      SCON
      000000F1H   SFRSYM    DATA     BYTE      CANICR
      00000087H   SFRSYM    DATA     BYTE      PCON
      000000BCH   SFRSYM    DATA     BYTE      ADC_CONTR
      000000E7H   SFRSYM    DATA     BYTE      CMPCR2
      000000E6H   SFRSYM    DATA     BYTE      CMPCR1
      000000DEH   SFRSYM    DATA     BYTE      ADCCFG
L251 LINKER/LOCATER V4.66.93.0                                                        11/29/2024  15:02:27  PAGE 7


      000000B8H   SFRSYM    DATA     BYTE      IP
      0000008FH   SFRSYM    DATA     BYTE      INTCLKO
      000000EEH   SFRSYM    DATA     BYTE      IP3H
      000000B6H   SFRSYM    DATA     BYTE      IP2H
      000000A8H   SFRSYM    DATA     BYTE      IE
      000000BBH   SFRSYM    DATA     BYTE      P_SW3
      000000BAH   SFRSYM    DATA     BYTE      P_SW2
      000000A2H   SFRSYM    DATA     BYTE      P_SW1
      000000CEH   SFRSYM    DATA     BYTE      SPCTL
      000000F8H   SFRSYM    DATA     BYTE      P7
      000000A8H.7 SFRSYM    DATA     BIT       EA
      000000E8H   SFRSYM    DATA     BYTE      P6
      000000C8H   SFRSYM    DATA     BYTE      P5
      000000C0H   SFRSYM    DATA     BYTE      P4
      000000B0H   SFRSYM    DATA     BYTE      P3
      000000A0H   SFRSYM    DATA     BYTE      P2
      00000090H   SFRSYM    DATA     BYTE      P1
      00000095H   SFRSYM    DATA     BYTE      P2M1
      00000080H   SFRSYM    DATA     BYTE      P0
      00000096H   SFRSYM    DATA     BYTE      P2M0

      00FF6D27H   BLOCK     CODE     ---       LVL=0
      00FF6D27H   LINE      CODE     ---       #65
      00FF6D27H   LINE      CODE     ---       #67
      00FF6D2AH   LINE      CODE     ---       #68
      00FF6D2DH   LINE      CODE     ---       #69
      00FF6D30H   LINE      CODE     ---       #72
      00FF6D36H   LINE      CODE     ---       #74
      00FF6D38H   LINE      CODE     ---       #75
      00FF6D3BH   LINE      CODE     ---       #77
      00FF6D3BH   LINE      CODE     ---       #79
      00FF6D52H   LINE      CODE     ---       #80
      00FF6D6FH   LINE      CODE     ---       #81
      00FF6D9BH   LINE      CODE     ---       #82
      00FF6DA2H   LINE      CODE     ---       #83
      00FF6DB9H   LINE      CODE     ---       #84
      00FF6DD0H   LINE      CODE     ---       #85
      00FF6DE9H   LINE      CODE     ---       #86
      00FF6E02H   LINE      CODE     ---       #87
      00FF6E1BH   LINE      CODE     ---       #88
      00FF6E34H   LINE      CODE     ---       #89
      00FF6E4DH   LINE      CODE     ---       #90
      00FF6E62H   LINE      CODE     ---       #91
      00FF6E7BH   LINE      CODE     ---       #92
      00FF6E82H   LINE      CODE     ---       #93
      00FF6E99H   LINE      CODE     ---       #94
      00FF6EB2H   LINE      CODE     ---       #95
      00FF6ECBH   LINE      CODE     ---       #96
      00FF6EE6H   LINE      CODE     ---       #97
      00FF6EEDH   LINE      CODE     ---       #98
      00FF6F04H   LINE      CODE     ---       #99
      00FF6F21H   LINE      CODE     ---       #100
      00FF6F4BH   LINE      CODE     ---       #102
      00FF6F52H   LINE      CODE     ---       #103
      ---         BLOCKEND  ---      ---       LVL=0

      ---         MODULE    ---      ---       lcd
      00FF8465H   PUBLIC    CODE     ---       LCD_DrawTriangel
      00FF7E95H   PUBLIC    CODE     ---       LCD_ShowFloatNum
      00FF8193H   PUBLIC    CODE     ---       LCD_ShowNum
      00FF78A6H   PUBLIC    CODE     ---       LCD_ShowStr
      00FF7D70H   PUBLIC    CODE     ---       LCD_DrawCircle
      00FF80A6H   PUBLIC    CODE     ---       LCD_ShowChinese
      00FF831DH   PUBLIC    CODE     ---       LCD_ShowPicture
      00FF85B8H   PUBLIC    CODE     ---       mypow
L251 LINKER/LOCATER V4.66.93.0                                                        11/29/2024  15:02:27  PAGE 8


      00FF8274H   PUBLIC    CODE     ---       Draw_Circle
      00FF7FA8H   PUBLIC    CODE     ---       LCD_DrawLine
      00FF8614H   PUBLIC    CODE     ---       LCD_DrawPoint
      00FF8401H   PUBLIC    CODE     ---       LCD_ShowString
      00FF8552H   PUBLIC    CODE     ---       LCD_StrCenter
      00FF7A56H   PUBLIC    CODE     ---       LCD_ShowChar
      00FF7156H   PUBLIC    CODE     ---       LCD_ShowChinese12x12
      00FF732AH   PUBLIC    CODE     ---       LCD_ShowChinese32x32
      00FF839AH   PUBLIC    CODE     ---       LCD_DrawRectangle
      00FF74FEH   PUBLIC    CODE     ---       LCD_ShowChinese24x24
      00FF76D2H   PUBLIC    CODE     ---       LCD_ShowChinese16x16
      00FF8623H   PUBLIC    CODE     ---       LCD_DrawFillRectangle
      00FF0003H   PUBLIC    CODE     ---       tfont12
      00FF008AH   PUBLIC    CODE     ---       tfont32
      00FF0319H   PUBLIC    CODE     ---       tfont24
      00FF0490H   PUBLIC    CODE     ---       tfont16
      00FF0B43H   PUBLIC    CODE     ---       ascii_2412
      00FF1D13H   PUBLIC    CODE     ---       ascii_1206
      00FF2187H   PUBLIC    CODE     ---       ascii_3216
      00FF3947H   PUBLIC    CODE     ---       ascii_1608
      0000003CH   PUBLIC    EDATA    BYTE      ?LCD_DrawLine?BYTE
      0000008CH   PUBLIC    EDATA    BYTE      ?LCD_DrawRectangle?BYTE
      00000094H   PUBLIC    EDATA    BYTE      ?LCD_DrawFillRectangle?BYTE
      00000092H   PUBLIC    EDATA    BYTE      ?Draw_Circle?BYTE
      0000006CH   PUBLIC    EDATA    BYTE      ?LCD_DrawCircle?BYTE
      0000007AH   PUBLIC    EDATA    BYTE      ?LCD_DrawTriangel?BYTE
      0000000FH   PUBLIC    EDATA    BYTE      ?LCD_ShowChar?BYTE
      00000004H   PUBLIC    EDATA    BYTE      ?LCD_ShowString?BYTE
      00000052H   PUBLIC    EDATA    BYTE      ?LCD_ShowNum?BYTE
      00000027H   PUBLIC    EDATA    BYTE      ?LCD_ShowFloatNum?BYTE
      0000000EH   PUBLIC    EDATA    BYTE      ?LCD_ShowChinese12x12?BYTE
      0000000EH   PUBLIC    EDATA    BYTE      ?LCD_ShowChinese16x16?BYTE
      0000000EH   PUBLIC    EDATA    BYTE      ?LCD_ShowChinese24x24?BYTE
      0000000EH   PUBLIC    EDATA    BYTE      ?LCD_ShowChinese32x32?BYTE
      00000004H   PUBLIC    EDATA    BYTE      ?LCD_ShowChinese?BYTE
      00000061H   PUBLIC    EDATA    BYTE      ?LCD_ShowStr?BYTE
      00000082H   PUBLIC    EDATA    BYTE      ?LCD_StrCenter?BYTE
      00000000H   PUBLIC    EDATA    BYTE      ?LCD_ShowPicture?BYTE
      000000D0H   SFRSYM    DATA     BYTE      PSW
      0000009DH   SFRSYM    DATA     BYTE      IRCBAND
      00000097H   SFRSYM    DATA     BYTE      AUXR2
      000000EFH   SFRSYM    DATA     BYTE      AUXINTIF
      000000FDH   SFRSYM    DATA     BYTE      S4CON
      000000ACH   SFRSYM    DATA     BYTE      S3CON
      0000009AH   SFRSYM    DATA     BYTE      S2CON
      000000B7H   SFRSYM    DATA     BYTE      IPH
      000000CDH   SFRSYM    DATA     BYTE      SPSTAT
      000000DDH   SFRSYM    DATA     BYTE      T4T3M
      000000C1H   SFRSYM    DATA     BYTE      WDT_CONTR
      000000DFH   SFRSYM    DATA     BYTE      IP3
      000000F4H   SFRSYM    DATA     BYTE      USBCON
      000000B5H   SFRSYM    DATA     BYTE      IP2
      000000FFH   SFRSYM    DATA     BYTE      RSTCFG
      000000C7H   SFRSYM    DATA     BYTE      IAP_CONTR
      000000F9H   SFRSYM    DATA     BYTE      LINICR
      0000008EH   SFRSYM    DATA     BYTE      AUXR
      000000AFH   SFRSYM    DATA     BYTE      IE2
      00000088H   SFRSYM    DATA     BYTE      TCON
      00000089H   SFRSYM    DATA     BYTE      TMOD
      00000098H   SFRSYM    DATA     BYTE      SCON
      000000F1H   SFRSYM    DATA     BYTE      CANICR
      00000087H   SFRSYM    DATA     BYTE      PCON
      000000BCH   SFRSYM    DATA     BYTE      ADC_CONTR
      000000E7H   SFRSYM    DATA     BYTE      CMPCR2
      000000E6H   SFRSYM    DATA     BYTE      CMPCR1
L251 LINKER/LOCATER V4.66.93.0                                                        11/29/2024  15:02:27  PAGE 9


      000000DEH   SFRSYM    DATA     BYTE      ADCCFG
      000000B8H   SFRSYM    DATA     BYTE      IP
      0000008FH   SFRSYM    DATA     BYTE      INTCLKO
      000000EEH   SFRSYM    DATA     BYTE      IP3H
      000000B6H   SFRSYM    DATA     BYTE      IP2H
      000000A8H   SFRSYM    DATA     BYTE      IE
      000000BBH   SFRSYM    DATA     BYTE      P_SW3
      000000BAH   SFRSYM    DATA     BYTE      P_SW2
      000000A2H   SFRSYM    DATA     BYTE      P_SW1
      000000CEH   SFRSYM    DATA     BYTE      SPCTL
      000000F8H   SFRSYM    DATA     BYTE      P7
      000000E8H   SFRSYM    DATA     BYTE      P6
      000000C8H   SFRSYM    DATA     BYTE      P5
      000000C0H   SFRSYM    DATA     BYTE      P4
      000000B0H   SFRSYM    DATA     BYTE      P3
      000000A0H   SFRSYM    DATA     BYTE      P2
      00000090H   SFRSYM    DATA     BYTE      P1
      00000080H   SFRSYM    DATA     BYTE      P0

      00FF8614H   BLOCK     CODE     ---       LVL=0
      WR6         REGSYM    ---      WORD      x
      WR4         REGSYM    ---      WORD      y
      WR14        REGSYM    ---      WORD      color
      00FF8614H   LINE      CODE     ---       #12
      00FF8618H   LINE      CODE     ---       #14
      00FF861BH   LINE      CODE     ---       #15
      00FF8620H   LINE      CODE     ---       #16
      ---         BLOCKEND  ---      ---       LVL=0

      00FF7FA8H   BLOCK     CODE     ---       LVL=0
      WR2         REGSYM    ---      WORD      xs
      WR4         REGSYM    ---      WORD      ys
      WR10        REGSYM    ---      WORD      xe
      WR0         REGSYM    ---      WORD      ye
      00000044H   SYMBOL    EDATA    WORD      color
      00FF7FAEH   BLOCK     CODE     NEAR LAB  LVL=1
      00000046H   SYMBOL    EDATA    WORD      t
      00000048H   SYMBOL    EDATA    INT       xerr
      0000004AH   SYMBOL    EDATA    INT       yerr
      WR14        REGSYM    ---      INT       delta_x
      WR12        REGSYM    ---      INT       delta_y
      0000004CH   SYMBOL    EDATA    INT       distance
      0000004EH   SYMBOL    EDATA    INT       incx
      00000050H   SYMBOL    EDATA    INT       incy
      00000052H   SYMBOL    EDATA    INT       uRow
      00000054H   SYMBOL    EDATA    INT       uCol
      ---         BLOCKEND  ---      ---       LVL=1
      00FF7FA8H   LINE      CODE     ---       #27
      00FF7FAEH   LINE      CODE     ---       #28
      00FF7FAEH   LINE      CODE     ---       #30
      00FF7FB8H   LINE      CODE     ---       #32
      00FF7FBCH   LINE      CODE     ---       #33
      00FF7FC0H   LINE      CODE     ---       #34
      00FF7FC4H   LINE      CODE     ---       #35
      00FF7FC8H   LINE      CODE     ---       #36
      00FF7FCEH   LINE      CODE     ---       #38
      00FF7FD6H   LINE      CODE     ---       #39
      00FF7FD8H   LINE      CODE     ---       #40
      00FF7FDCH   LINE      CODE     ---       #42
      00FF7FE0H   LINE      CODE     ---       #43
      00FF7FE2H   LINE      CODE     ---       #46
      00FF7FEAH   LINE      CODE     ---       #47
      00FF7FF0H   LINE      CODE     ---       #48
      00FF7FF0H   LINE      CODE     ---       #49
      00FF7FF6H   LINE      CODE     ---       #51
L251 LINKER/LOCATER V4.66.93.0                                                        11/29/2024  15:02:27  PAGE 10


      00FF7FFEH   LINE      CODE     ---       #52
      00FF8000H   LINE      CODE     ---       #53
      00FF8004H   LINE      CODE     ---       #55
      00FF8008H   LINE      CODE     ---       #56
      00FF800AH   LINE      CODE     ---       #59
      00FF8012H   LINE      CODE     ---       #60
      00FF8018H   LINE      CODE     ---       #61
      00FF8018H   LINE      CODE     ---       #62
      00FF801CH   LINE      CODE     ---       #64
      00FF8020H   LINE      CODE     ---       #65
      00FF8022H   LINE      CODE     ---       #68
      00FF8026H   LINE      CODE     ---       #69
      00FF8026H   LINE      CODE     ---       #70
      00FF802AH   LINE      CODE     ---       #72
      00FF8039H   LINE      CODE     ---       #73
      00FF8043H   LINE      CODE     ---       #74
      00FF804DH   LINE      CODE     ---       #75
      00FF8057H   LINE      CODE     ---       #77
      00FF8063H   LINE      CODE     ---       #78
      00FF806FH   LINE      CODE     ---       #79
      00FF806FH   LINE      CODE     ---       #80
      00FF8075H   LINE      CODE     ---       #82
      00FF8081H   LINE      CODE     ---       #83
      00FF808DH   LINE      CODE     ---       #84
      00FF80A3H   LINE      CODE     ---       #86
      ---         BLOCKEND  ---      ---       LVL=0

      00FF839AH   BLOCK     CODE     ---       LVL=0
      00000090H   SYMBOL    EDATA    WORD      xs
      00000092H   SYMBOL    EDATA    WORD      ys
      WR12        REGSYM    ---      WORD      xe
      WR14        REGSYM    ---      WORD      ye
      00000094H   SYMBOL    EDATA    WORD      color
      00FF839AH   LINE      CODE     ---       #97
      00FF83A8H   LINE      CODE     ---       #99
      00FF83BDH   LINE      CODE     ---       #100
      00FF83D4H   LINE      CODE     ---       #101
      00FF83E9H   LINE      CODE     ---       #102
      00FF83FEH   LINE      CODE     ---       #103
      ---         BLOCKEND  ---      ---       LVL=0

      00FF8623H   BLOCK     CODE     ---       LVL=0
      WR10        REGSYM    ---      WORD      xs
      WR4         REGSYM    ---      WORD      ys
      WR2         REGSYM    ---      WORD      xe
      WR0         REGSYM    ---      WORD      ye
      0000009CH   SYMBOL    EDATA    WORD      color
      00FF8623H   LINE      CODE     ---       #114
      00FF8625H   LINE      CODE     ---       #116
      ---         BLOCKEND  ---      ---       LVL=0

      00FF8274H   BLOCK     CODE     ---       LVL=0
      00000096H   SYMBOL    EDATA    INT       xc
      00000098H   SYMBOL    EDATA    INT       yc
      WR12        REGSYM    ---      INT       x
      WR14        REGSYM    ---      INT       y
      0000009AH   SYMBOL    EDATA    WORD      color
      00FF8274H   LINE      CODE     ---       #128
      00FF8282H   LINE      CODE     ---       #130
      00FF8295H   LINE      CODE     ---       #131
      00FF82A8H   LINE      CODE     ---       #132
      00FF82BBH   LINE      CODE     ---       #133
      00FF82CEH   LINE      CODE     ---       #134
      00FF82E1H   LINE      CODE     ---       #135
      00FF82F4H   LINE      CODE     ---       #136
L251 LINKER/LOCATER V4.66.93.0                                                        11/29/2024  15:02:27  PAGE 11


      00FF8307H   LINE      CODE     ---       #137
      00FF831AH   LINE      CODE     ---       #138
      ---         BLOCKEND  ---      ---       LVL=0

      00FF7D70H   BLOCK     CODE     ---       LVL=0
      00000072H   SYMBOL    EDATA    WORD      xc
      WR12        REGSYM    ---      WORD      yc
      WR2         REGSYM    ---      WORD      r
      WR14        REGSYM    ---      WORD      color
      00000074H   SYMBOL    EDATA    WORD      mode
      00FF7D7AH   BLOCK     CODE     NEAR LAB  LVL=1
      00000076H   SYMBOL    EDATA    INT       x
      00000078H   SYMBOL    EDATA    INT       y
      0000007AH   SYMBOL    EDATA    INT       yi
      0000007CH   SYMBOL    EDATA    INT       d
      ---         BLOCKEND  ---      ---       LVL=1
      00FF7D70H   LINE      CODE     ---       #149
      00FF7D7AH   LINE      CODE     ---       #150
      00FF7D7AH   LINE      CODE     ---       #151
      00FF7D84H   LINE      CODE     ---       #152
      00FF7D92H   LINE      CODE     ---       #154
      00FF7D9DH   LINE      CODE     ---       #156
      00FF7D9FH   LINE      CODE     ---       #158
      00FF7DA5H   LINE      CODE     ---       #160
      00FF7DBAH   LINE      CODE     ---       #161
      00FF7DCEH   LINE      CODE     ---       #162
      00FF7DD8H   LINE      CODE     ---       #164
      00FF7DECH   LINE      CODE     ---       #165
      00FF7DEEH   LINE      CODE     ---       #168
      00FF7E06H   LINE      CODE     ---       #169
      00FF7E0CH   LINE      CODE     ---       #170
      00FF7E0CH   LINE      CODE     ---       #171
      00FF7E16H   LINE      CODE     ---       #172
      00FF7E23H   LINE      CODE     ---       #173
      00FF7E25H   LINE      CODE     ---       #177
      00FF7E27H   LINE      CODE     ---       #179
      00FF7E3CH   LINE      CODE     ---       #180
      00FF7E46H   LINE      CODE     ---       #182
      00FF7E5AH   LINE      CODE     ---       #183
      00FF7E5CH   LINE      CODE     ---       #186
      00FF7E74H   LINE      CODE     ---       #187
      00FF7E7EH   LINE      CODE     ---       #188
      00FF7E7EH   LINE      CODE     ---       #189
      00FF7E88H   LINE      CODE     ---       #190
      00FF7E92H   LINE      CODE     ---       #191
      00FF7E92H   LINE      CODE     ---       #192
      ---         BLOCKEND  ---      ---       LVL=0

      00FF8465H   BLOCK     CODE     ---       LVL=0
      0000007EH   SYMBOL    EDATA    WORD      x
      00000080H   SYMBOL    EDATA    WORD      y
      WR12        REGSYM    ---      WORD      xs
      WR14        REGSYM    ---      WORD      ys
      00000082H   SYMBOL    EDATA    WORD      xe
      00000084H   SYMBOL    EDATA    WORD      ye
      00000086H   SYMBOL    EDATA    WORD      color
      00FF8465H   LINE      CODE     ---       #205
      00FF8473H   LINE      CODE     ---       #207
      00FF8486H   LINE      CODE     ---       #208
      00FF849DH   LINE      CODE     ---       #209
      00FF84B8H   LINE      CODE     ---       #210
      ---         BLOCKEND  ---      ---       LVL=0

      00FF7A56H   BLOCK     CODE     ---       LVL=0
      WR14        REGSYM    ---      WORD      x
L251 LINKER/LOCATER V4.66.93.0                                                        11/29/2024  15:02:27  PAGE 12


      WR12        REGSYM    ---      WORD      y
      00000013H   SYMBOL    EDATA    BYTE      num
      00000014H   SYMBOL    EDATA    WORD      fc
      00000016H   SYMBOL    EDATA    WORD      bc
      00000018H   SYMBOL    EDATA    BYTE      sizey
      00000019H   SYMBOL    EDATA    BYTE      mode
      00FF7A68H   BLOCK     CODE     NEAR LAB  LVL=1
      0000001AH   SYMBOL    EDATA    BYTE      temp
      0000001BH   SYMBOL    EDATA    BYTE      sizex
      0000001CH   SYMBOL    EDATA    BYTE      t
      0000001DH   SYMBOL    EDATA    BYTE      m
      0000001EH   SYMBOL    EDATA    WORD      i
      00000020H   SYMBOL    EDATA    WORD      TypefaceNum
      00000022H   SYMBOL    EDATA    WORD      x0
      ---         BLOCKEND  ---      ---       LVL=1
      00FF7A56H   LINE      CODE     ---       #223
      00FF7A68H   LINE      CODE     ---       #224
      00FF7A68H   LINE      CODE     ---       #225
      00FF7A6DH   LINE      CODE     ---       #227
      00FF7A71H   LINE      CODE     ---       #228
      00FF7A7FH   LINE      CODE     ---       #229
      00FF7AA3H   LINE      CODE     ---       #230
      00FF7AB1H   LINE      CODE     ---       #231
      00FF7AC0H   LINE      CODE     ---       #232
      00FF7AC5H   LINE      CODE     ---       #234
      00FF7ACDH   LINE      CODE     ---       #235
      00FF7AE0H   LINE      CODE     ---       #236
      00FF7AE4H   LINE      CODE     ---       #237
      00FF7AF7H   LINE      CODE     ---       #238
      00FF7AFBH   LINE      CODE     ---       #239
      00FF7B14H   LINE      CODE     ---       #240
      00FF7B1DH   LINE      CODE     ---       #241
      00FF7B3AH   LINE      CODE     ---       #243
      00FF7B3AH   LINE      CODE     ---       #244
      00FF7B3FH   LINE      CODE     ---       #246
      00FF7B45H   LINE      CODE     ---       #248
      00FF7B60H   LINE      CODE     ---       #249
      00FF7B66H   LINE      CODE     ---       #251
      00FF7B6DH   LINE      CODE     ---       #252
      00FF7B76H   LINE      CODE     ---       #253
      00FF7B89H   LINE      CODE     ---       #255
      00FF7B8EH   LINE      CODE     ---       #256
      00FF7B90H   LINE      CODE     ---       #257
      00FF7B90H   LINE      CODE     ---       #261
      00FF7BABH   LINE      CODE     ---       #262
      00FF7BB6H   LINE      CODE     ---       #263
      00FF7BB8H   LINE      CODE     ---       #264
      00FF7BC8H   LINE      CODE     ---       #266
      00FF7BCCH   LINE      CODE     ---       #267
      00FF7BCEH   LINE      CODE     ---       #268
      00FF7BD0H   LINE      CODE     ---       #269
      00FF7BD0H   LINE      CODE     ---       #271
      00FF7BE5H   LINE      CODE     ---       #272
      00FF7BFCH   LINE      CODE     ---       #273
      ---         BLOCKEND  ---      ---       LVL=0

      00FF8401H   BLOCK     CODE     ---       LVL=0
      00000008H   SYMBOL    EDATA    WORD      x
      0000000AH   SYMBOL    EDATA    WORD      y
      REG=3       REGSYM    ---      ---       s
      0000000CH   SYMBOL    EDATA    WORD      fc
      0000000EH   SYMBOL    EDATA    WORD      bc
      00000010H   SYMBOL    EDATA    WORD      sizey
      00000012H   SYMBOL    EDATA    BYTE      mode
      00FF8401H   LINE      CODE     ---       #286
L251 LINKER/LOCATER V4.66.93.0                                                        11/29/2024  15:02:27  PAGE 13


      00FF8411H   LINE      CODE     ---       #288
      00FF8413H   LINE      CODE     ---       #290
      00FF8427H   LINE      CODE     ---       #291
      00FF8427H   LINE      CODE     ---       #292
      00FF8445H   LINE      CODE     ---       #293
      00FF8453H   LINE      CODE     ---       #294
      00FF8455H   LINE      CODE     ---       #295
      00FF8462H   LINE      CODE     ---       #296
      ---         BLOCKEND  ---      ---       LVL=0

      00FF85B8H   BLOCK     CODE     ---       LVL=0
      R8          REGSYM    ---      BYTE      m
      R9          REGSYM    ---      BYTE      n
      00FF85BCH   BLOCK     CODE     NEAR LAB  LVL=1
      DR4         REGSYM    ---      DWORD     result
      ---         BLOCKEND  ---      ---       LVL=1
      00FF85B8H   LINE      CODE     ---       #304
      00FF85BCH   LINE      CODE     ---       #305
      00FF85BCH   LINE      CODE     ---       #306
      00FF85C0H   LINE      CODE     ---       #307
      00FF85C2H   LINE      CODE     ---       #309
      00FF85C9H   LINE      CODE     ---       #310
      00FF85D1H   LINE      CODE     ---       #311
      00FF85D1H   LINE      CODE     ---       #312
      ---         BLOCKEND  ---      ---       LVL=0

      00FF8193H   BLOCK     CODE     ---       LVL=0
      00000056H   SYMBOL    EDATA    WORD      x
      00000058H   SYMBOL    EDATA    WORD      y
      DR12        REGSYM    ---      DWORD     num
      0000005AH   SYMBOL    EDATA    BYTE      len
      0000005BH   SYMBOL    EDATA    WORD      fc
      0000005DH   SYMBOL    EDATA    WORD      bc
      0000005FH   SYMBOL    EDATA    BYTE      sizey
      00000060H   SYMBOL    EDATA    BYTE      mode
      00FF81A3H   BLOCK     CODE     NEAR LAB  LVL=1
      00000061H   SYMBOL    EDATA    BYTE      t
      00000062H   SYMBOL    EDATA    BYTE      temp
      00000063H   SYMBOL    EDATA    BYTE      enshow
      00000064H   SYMBOL    EDATA    BYTE      sizex
      ---         BLOCKEND  ---      ---       LVL=1
      00FF8193H   LINE      CODE     ---       #326
      00FF81A3H   LINE      CODE     ---       #327
      00FF81A3H   LINE      CODE     ---       #328
      00FF81A8H   LINE      CODE     ---       #329
      00FF81B4H   LINE      CODE     ---       #330
      00FF81B7H   LINE      CODE     ---       #332
      00FF81DEH   LINE      CODE     ---       #333
      00FF81F6H   LINE      CODE     ---       #335
      00FF81FCH   LINE      CODE     ---       #337
      00FF821CH   LINE      CODE     ---       #338
      00FF821EH   LINE      CODE     ---       #339
      00FF821EH   LINE      CODE     ---       #342
      00FF8224H   LINE      CODE     ---       #343
      00FF8224H   LINE      CODE     ---       #344
      00FF8224H   LINE      CODE     ---       #345
      00FF825BH   LINE      CODE     ---       #346
      00FF8271H   LINE      CODE     ---       #347
      ---         BLOCKEND  ---      ---       LVL=0

      00FF7E95H   BLOCK     CODE     ---       LVL=0
      WR12        REGSYM    ---      WORD      x
      WR14        REGSYM    ---      WORD      y
      0000002BH   SYMBOL    EDATA    FLOAT     num
      0000002FH   SYMBOL    EDATA    BYTE      pre
L251 LINKER/LOCATER V4.66.93.0                                                        11/29/2024  15:02:27  PAGE 14


      00000030H   SYMBOL    EDATA    BYTE      len
      00000031H   SYMBOL    EDATA    WORD      fc
      00000033H   SYMBOL    EDATA    WORD      bc
      00000035H   SYMBOL    EDATA    BYTE      sizey
      00000036H   SYMBOL    EDATA    BYTE      mode
      00FF7EA3H   BLOCK     CODE     NEAR LAB  LVL=1
      00000037H   SYMBOL    EDATA    DWORD     i
      0000003BH   SYMBOL    EDATA    DWORD     temp
      0000003FH   SYMBOL    EDATA    DWORD     num1
      00000043H   SYMBOL    EDATA    BYTE      sizex
      ---         BLOCKEND  ---      ---       LVL=1
      00FF7E95H   LINE      CODE     ---       #362
      00FF7EA3H   LINE      CODE     ---       #363
      00FF7EA3H   LINE      CODE     ---       #365
      00FF7EAFH   LINE      CODE     ---       #366
      00FF7ECAH   LINE      CODE     ---       #367
      00FF7ECFH   LINE      CODE     ---       #369
      00FF7EF8H   LINE      CODE     ---       #370
      00FF7F12H   LINE      CODE     ---       #372
      00FF7F3FH   LINE      CODE     ---       #373
      00FF7F49H   LINE      CODE     ---       #374
      00FF7F52H   LINE      CODE     ---       #375
      00FF7F52H   LINE      CODE     ---       #376
      00FF7F88H   LINE      CODE     ---       #377
      00FF7FA5H   LINE      CODE     ---       #378
      ---         BLOCKEND  ---      ---       LVL=0

      00FF7156H   BLOCK     CODE     ---       LVL=0
      00000012H   SYMBOL    EDATA    WORD      x
      00000014H   SYMBOL    EDATA    WORD      y
      REG=3       REGSYM    ---      ---       s
      00000016H   SYMBOL    EDATA    WORD      fc
      00000018H   SYMBOL    EDATA    WORD      bc
      0000001AH   SYMBOL    EDATA    BYTE      sizey
      0000001BH   SYMBOL    EDATA    BYTE      mode
      00FF7166H   BLOCK     CODE     NEAR LAB  LVL=1
      0000001CH   SYMBOL    EDATA    BYTE      i
      0000001DH   SYMBOL    EDATA    BYTE      j
      0000001EH   SYMBOL    EDATA    BYTE      m
      0000001FH   SYMBOL    EDATA    WORD      k
      00000021H   SYMBOL    EDATA    WORD      HZnum
      00000023H   SYMBOL    EDATA    WORD      TypefaceNum
      00000025H   SYMBOL    EDATA    WORD      x0
      ---         BLOCKEND  ---      ---       LVL=1
      00FF7156H   LINE      CODE     ---       #391
      00FF7166H   LINE      CODE     ---       #392
      00FF7166H   LINE      CODE     ---       #393
      00FF716BH   LINE      CODE     ---       #396
      00FF7173H   LINE      CODE     ---       #397
      00FF7199H   LINE      CODE     ---       #398
      00FF71A1H   LINE      CODE     ---       #399
      00FF71A6H   LINE      CODE     ---       #401
      00FF71DFH   LINE      CODE     ---       #403
      00FF71FEH   LINE      CODE     ---       #404
      00FF7202H   LINE      CODE     ---       #406
      00FF7207H   LINE      CODE     ---       #408
      00FF720DH   LINE      CODE     ---       #410
      00FF7240H   LINE      CODE     ---       #412
      00FF7244H   LINE      CODE     ---       #413
      00FF7246H   LINE      CODE     ---       #416
      00FF724DH   LINE      CODE     ---       #417
      00FF724DH   LINE      CODE     ---       #418
      00FF7256H   LINE      CODE     ---       #419
      00FF7269H   LINE      CODE     ---       #421
      00FF726EH   LINE      CODE     ---       #422
L251 LINKER/LOCATER V4.66.93.0                                                        11/29/2024  15:02:27  PAGE 15


      00FF7271H   LINE      CODE     ---       #423
      00FF7271H   LINE      CODE     ---       #427
      00FF72A4H   LINE      CODE     ---       #429
      00FF72B3H   LINE      CODE     ---       #430
      00FF72B3H   LINE      CODE     ---       #431
      00FF72BDH   LINE      CODE     ---       #432
      00FF72CFH   LINE      CODE     ---       #434
      00FF72D7H   LINE      CODE     ---       #435
      00FF72E1H   LINE      CODE     ---       #436
      00FF72E3H   LINE      CODE     ---       #437
      00FF72E3H   LINE      CODE     ---       #439
      00FF72F8H   LINE      CODE     ---       #440
      00FF7310H   LINE      CODE     ---       #441
      00FF7310H   LINE      CODE     ---       #442
      00FF7310H   LINE      CODE     ---       #443
      00FF7327H   LINE      CODE     ---       #444
      ---         BLOCKEND  ---      ---       LVL=0

      00FF76D2H   BLOCK     CODE     ---       LVL=0
      00000012H   SYMBOL    EDATA    WORD      x
      00000014H   SYMBOL    EDATA    WORD      y
      REG=3       REGSYM    ---      ---       s
      00000016H   SYMBOL    EDATA    WORD      fc
      00000018H   SYMBOL    EDATA    WORD      bc
      0000001AH   SYMBOL    EDATA    BYTE      sizey
      0000001BH   SYMBOL    EDATA    BYTE      mode
      00FF76E2H   BLOCK     CODE     NEAR LAB  LVL=1
      0000001CH   SYMBOL    EDATA    BYTE      i
      0000001DH   SYMBOL    EDATA    BYTE      j
      0000001EH   SYMBOL    EDATA    BYTE      m
      0000001FH   SYMBOL    EDATA    WORD      k
      00000021H   SYMBOL    EDATA    WORD      HZnum
      00000023H   SYMBOL    EDATA    WORD      TypefaceNum
      00000025H   SYMBOL    EDATA    WORD      x0
      ---         BLOCKEND  ---      ---       LVL=1
      00FF76D2H   LINE      CODE     ---       #457
      00FF76E2H   LINE      CODE     ---       #458
      00FF76E2H   LINE      CODE     ---       #459
      00FF76E7H   LINE      CODE     ---       #462
      00FF76EFH   LINE      CODE     ---       #463
      00FF7715H   LINE      CODE     ---       #464
      00FF771DH   LINE      CODE     ---       #465
      00FF7722H   LINE      CODE     ---       #467
      00FF775BH   LINE      CODE     ---       #469
      00FF777AH   LINE      CODE     ---       #470
      00FF777EH   LINE      CODE     ---       #472
      00FF7783H   LINE      CODE     ---       #474
      00FF7789H   LINE      CODE     ---       #476
      00FF77BCH   LINE      CODE     ---       #478
      00FF77C0H   LINE      CODE     ---       #479
      00FF77C2H   LINE      CODE     ---       #482
      00FF77C9H   LINE      CODE     ---       #483
      00FF77C9H   LINE      CODE     ---       #484
      00FF77D2H   LINE      CODE     ---       #485
      00FF77E5H   LINE      CODE     ---       #487
      00FF77EAH   LINE      CODE     ---       #488
      00FF77EDH   LINE      CODE     ---       #489
      00FF77EDH   LINE      CODE     ---       #493
      00FF7820H   LINE      CODE     ---       #495
      00FF782FH   LINE      CODE     ---       #496
      00FF782FH   LINE      CODE     ---       #497
      00FF7839H   LINE      CODE     ---       #498
      00FF784BH   LINE      CODE     ---       #500
      00FF7853H   LINE      CODE     ---       #501
      00FF785DH   LINE      CODE     ---       #502
L251 LINKER/LOCATER V4.66.93.0                                                        11/29/2024  15:02:27  PAGE 16


      00FF785FH   LINE      CODE     ---       #503
      00FF785FH   LINE      CODE     ---       #505
      00FF7874H   LINE      CODE     ---       #506
      00FF788CH   LINE      CODE     ---       #507
      00FF788CH   LINE      CODE     ---       #508
      00FF788CH   LINE      CODE     ---       #509
      00FF78A3H   LINE      CODE     ---       #510
      ---         BLOCKEND  ---      ---       LVL=0

      00FF74FEH   BLOCK     CODE     ---       LVL=0
      00000012H   SYMBOL    EDATA    WORD      x
      00000014H   SYMBOL    EDATA    WORD      y
      REG=3       REGSYM    ---      ---       s
      00000016H   SYMBOL    EDATA    WORD      fc
      00000018H   SYMBOL    EDATA    WORD      bc
      0000001AH   SYMBOL    EDATA    BYTE      sizey
      0000001BH   SYMBOL    EDATA    BYTE      mode
      00FF750EH   BLOCK     CODE     NEAR LAB  LVL=1
      0000001CH   SYMBOL    EDATA    BYTE      i
      0000001DH   SYMBOL    EDATA    BYTE      j
      0000001EH   SYMBOL    EDATA    BYTE      m
      0000001FH   SYMBOL    EDATA    WORD      k
      00000021H   SYMBOL    EDATA    WORD      HZnum
      00000023H   SYMBOL    EDATA    WORD      TypefaceNum
      00000025H   SYMBOL    EDATA    WORD      x0
      ---         BLOCKEND  ---      ---       LVL=1
      00FF74FEH   LINE      CODE     ---       #523
      00FF750EH   LINE      CODE     ---       #524
      00FF750EH   LINE      CODE     ---       #525
      00FF7513H   LINE      CODE     ---       #528
      00FF751BH   LINE      CODE     ---       #529
      00FF7541H   LINE      CODE     ---       #530
      00FF7549H   LINE      CODE     ---       #531
      00FF754EH   LINE      CODE     ---       #533
      00FF7587H   LINE      CODE     ---       #535
      00FF75A6H   LINE      CODE     ---       #536
      00FF75AAH   LINE      CODE     ---       #538
      00FF75AFH   LINE      CODE     ---       #540
      00FF75B5H   LINE      CODE     ---       #542
      00FF75E8H   LINE      CODE     ---       #544
      00FF75ECH   LINE      CODE     ---       #545
      00FF75EEH   LINE      CODE     ---       #548
      00FF75F5H   LINE      CODE     ---       #549
      00FF75F5H   LINE      CODE     ---       #550
      00FF75FEH   LINE      CODE     ---       #551
      00FF7611H   LINE      CODE     ---       #553
      00FF7616H   LINE      CODE     ---       #554
      00FF7619H   LINE      CODE     ---       #555
      00FF7619H   LINE      CODE     ---       #559
      00FF764CH   LINE      CODE     ---       #561
      00FF765BH   LINE      CODE     ---       #562
      00FF765BH   LINE      CODE     ---       #563
      00FF7665H   LINE      CODE     ---       #564
      00FF7677H   LINE      CODE     ---       #566
      00FF767FH   LINE      CODE     ---       #567
      00FF7689H   LINE      CODE     ---       #568
      00FF768BH   LINE      CODE     ---       #569
      00FF768BH   LINE      CODE     ---       #571
      00FF76A0H   LINE      CODE     ---       #572
      00FF76B8H   LINE      CODE     ---       #573
      00FF76B8H   LINE      CODE     ---       #574
      00FF76B8H   LINE      CODE     ---       #575
      00FF76CFH   LINE      CODE     ---       #576
      ---         BLOCKEND  ---      ---       LVL=0

L251 LINKER/LOCATER V4.66.93.0                                                        11/29/2024  15:02:27  PAGE 17


      00FF732AH   BLOCK     CODE     ---       LVL=0
      00000012H   SYMBOL    EDATA    WORD      x
      00000014H   SYMBOL    EDATA    WORD      y
      REG=3       REGSYM    ---      ---       s
      00000016H   SYMBOL    EDATA    WORD      fc
      00000018H   SYMBOL    EDATA    WORD      bc
      0000001AH   SYMBOL    EDATA    BYTE      sizey
      0000001BH   SYMBOL    EDATA    BYTE      mode
      00FF733AH   BLOCK     CODE     NEAR LAB  LVL=1
      0000001CH   SYMBOL    EDATA    BYTE      i
      0000001DH   SYMBOL    EDATA    BYTE      j
      0000001EH   SYMBOL    EDATA    BYTE      m
      0000001FH   SYMBOL    EDATA    WORD      k
      00000021H   SYMBOL    EDATA    WORD      HZnum
      00000023H   SYMBOL    EDATA    WORD      TypefaceNum
      00000025H   SYMBOL    EDATA    WORD      x0
      ---         BLOCKEND  ---      ---       LVL=1
      00FF732AH   LINE      CODE     ---       #589
      00FF733AH   LINE      CODE     ---       #590
      00FF733AH   LINE      CODE     ---       #591
      00FF733FH   LINE      CODE     ---       #594
      00FF7347H   LINE      CODE     ---       #595
      00FF736DH   LINE      CODE     ---       #596
      00FF7375H   LINE      CODE     ---       #597
      00FF737AH   LINE      CODE     ---       #599
      00FF73B3H   LINE      CODE     ---       #601
      00FF73D2H   LINE      CODE     ---       #602
      00FF73D6H   LINE      CODE     ---       #604
      00FF73DBH   LINE      CODE     ---       #606
      00FF73E1H   LINE      CODE     ---       #608
      00FF7414H   LINE      CODE     ---       #610
      00FF7418H   LINE      CODE     ---       #611
      00FF741AH   LINE      CODE     ---       #614
      00FF7421H   LINE      CODE     ---       #615
      00FF7421H   LINE      CODE     ---       #616
      00FF742AH   LINE      CODE     ---       #617
      00FF743DH   LINE      CODE     ---       #619
      00FF7442H   LINE      CODE     ---       #620
      00FF7445H   LINE      CODE     ---       #621
      00FF7445H   LINE      CODE     ---       #625
      00FF7478H   LINE      CODE     ---       #627
      00FF7487H   LINE      CODE     ---       #628
      00FF7487H   LINE      CODE     ---       #629
      00FF7491H   LINE      CODE     ---       #630
      00FF74A3H   LINE      CODE     ---       #632
      00FF74ABH   LINE      CODE     ---       #633
      00FF74B5H   LINE      CODE     ---       #634
      00FF74B7H   LINE      CODE     ---       #635
      00FF74B7H   LINE      CODE     ---       #637
      00FF74CCH   LINE      CODE     ---       #638
      00FF74E4H   LINE      CODE     ---       #639
      00FF74E4H   LINE      CODE     ---       #640
      00FF74E4H   LINE      CODE     ---       #641
      00FF74FBH   LINE      CODE     ---       #642
      ---         BLOCKEND  ---      ---       LVL=0

      00FF80A6H   BLOCK     CODE     ---       LVL=0
      00000008H   SYMBOL    EDATA    WORD      x
      0000000AH   SYMBOL    EDATA    WORD      y
      REG=3       REGSYM    ---      ---       s
      0000000CH   SYMBOL    EDATA    WORD      fc
      0000000EH   SYMBOL    EDATA    WORD      bc
      00000010H   SYMBOL    EDATA    BYTE      sizey
      00000011H   SYMBOL    EDATA    BYTE      mode
      00FF80A6H   LINE      CODE     ---       #655
L251 LINKER/LOCATER V4.66.93.0                                                        11/29/2024  15:02:27  PAGE 18


      00FF80B2H   LINE      CODE     ---       #657
      00FF80B5H   LINE      CODE     ---       #659
      00FF80BCH   LINE      CODE     ---       #660
      00FF80E4H   LINE      CODE     ---       #661
      00FF80EBH   LINE      CODE     ---       #662
      00FF8116H   LINE      CODE     ---       #663
      00FF811DH   LINE      CODE     ---       #664
      00FF8148H   LINE      CODE     ---       #665
      00FF814FH   LINE      CODE     ---       #666
      00FF8178H   LINE      CODE     ---       #668
      00FF8178H   LINE      CODE     ---       #669
      00FF817AH   LINE      CODE     ---       #670
      00FF8188H   LINE      CODE     ---       #671
      00FF8190H   LINE      CODE     ---       #672
      ---         BLOCKEND  ---      ---       LVL=0

      00FF78A6H   BLOCK     CODE     ---       LVL=0
      00000065H   SYMBOL    EDATA    WORD      x
      00000067H   SYMBOL    EDATA    WORD      y
      REG=3       REGSYM    ---      ---       s
      00000069H   SYMBOL    EDATA    WORD      fc
      0000006BH   SYMBOL    EDATA    WORD      bc
      0000006DH   SYMBOL    EDATA    BYTE      sizey
      0000006EH   SYMBOL    EDATA    BYTE      mode
      00FF78B6H   BLOCK     CODE     NEAR LAB  LVL=1
      0000006FH   SYMBOL    EDATA    WORD      x0
      00000071H   SYMBOL    EDATA    BYTE      bHz
      ---         BLOCKEND  ---      ---       LVL=1
      00FF78A6H   LINE      CODE     ---       #685
      00FF78B6H   LINE      CODE     ---       #686
      00FF78B6H   LINE      CODE     ---       #687
      00FF78BAH   LINE      CODE     ---       #688
      00FF78BBH   LINE      CODE     ---       #689
      00FF78BDH   LINE      CODE     ---       #691
      00FF78C6H   LINE      CODE     ---       #693
      00FF78EEH   LINE      CODE     ---       #695
      00FF78EEH   LINE      CODE     ---       #696
      00FF78EEH   LINE      CODE     ---       #697
      00FF78F6H   LINE      CODE     ---       #699
      00FF78FCH   LINE      CODE     ---       #700
      00FF78FFH   LINE      CODE     ---       #703
      00FF7904H   LINE      CODE     ---       #705
      00FF790CH   LINE      CODE     ---       #706
      00FF7914H   LINE      CODE     ---       #707
      00FF7916H   LINE      CODE     ---       #708
      00FF7918H   LINE      CODE     ---       #711
      00FF793DH   LINE      CODE     ---       #712
      00FF794DH   LINE      CODE     ---       #713
      00FF794DH   LINE      CODE     ---       #714
      00FF794FH   LINE      CODE     ---       #715
      00FF794FH   LINE      CODE     ---       #716
      00FF7952H   LINE      CODE     ---       #719
      00FF7976H   LINE      CODE     ---       #721
      00FF7976H   LINE      CODE     ---       #722
      00FF7976H   LINE      CODE     ---       #723
      00FF797BH   LINE      CODE     ---       #724
      00FF7982H   LINE      CODE     ---       #725
      00FF79AEH   LINE      CODE     ---       #726
      00FF79B5H   LINE      CODE     ---       #727
      00FF79E0H   LINE      CODE     ---       #728
      00FF79E7H   LINE      CODE     ---       #729
      00FF7A12H   LINE      CODE     ---       #731
      00FF7A3BH   LINE      CODE     ---       #732
      00FF7A3DH   LINE      CODE     ---       #733
      00FF7A4BH   LINE      CODE     ---       #734
L251 LINKER/LOCATER V4.66.93.0                                                        11/29/2024  15:02:27  PAGE 19


      00FF7A4BH   LINE      CODE     ---       #735
      00FF7A53H   LINE      CODE     ---       #736
      ---         BLOCKEND  ---      ---       LVL=0

      00FF8552H   BLOCK     CODE     ---       LVL=0
      00000088H   SYMBOL    EDATA    WORD      y
      REG=3       REGSYM    ---      ---       s
      0000008AH   SYMBOL    EDATA    WORD      fc
      0000008CH   SYMBOL    EDATA    WORD      bc
      0000008EH   SYMBOL    EDATA    BYTE      sizey
      0000008FH   SYMBOL    EDATA    BYTE      mode
      00FF855EH   BLOCK     CODE     NEAR LAB  LVL=1
      WR4         REGSYM    ---      WORD      len
      WR6         REGSYM    ---      WORD      x1
      ---         BLOCKEND  ---      ---       LVL=1
      00FF8552H   LINE      CODE     ---       #749
      00FF855EH   LINE      CODE     ---       #750
      00FF855EH   LINE      CODE     ---       #751
      00FF8563H   LINE      CODE     ---       #752
      00FF8571H   LINE      CODE     ---       #753
      00FF8596H   LINE      CODE     ---       #754
      ---         BLOCKEND  ---      ---       LVL=0

      00FF831DH   BLOCK     CODE     ---       LVL=0
      WR0         REGSYM    ---      WORD      x
      WR10        REGSYM    ---      WORD      y
      WR14        REGSYM    ---      WORD      width
      WR12        REGSYM    ---      WORD      height
      00000008H   SYMBOL    EDATA    ---       pic
      00FF8327H   BLOCK     CODE     NEAR LAB  LVL=1
      0000000CH   SYMBOL    EDATA    BYTE      picH
      0000000DH   SYMBOL    EDATA    BYTE      picL
      0000000EH   SYMBOL    EDATA    WORD      i
      00000010H   SYMBOL    EDATA    WORD      j
      00000012H   SYMBOL    EDATA    DWORD     k
      ---         BLOCKEND  ---      ---       LVL=1
      00FF831DH   LINE      CODE     ---       #765
      00FF8327H   LINE      CODE     ---       #766
      00FF8327H   LINE      CODE     ---       #769
      00FF832DH   LINE      CODE     ---       #770
      00FF833EH   LINE      CODE     ---       #771
      00FF8342H   LINE      CODE     ---       #773
      00FF8346H   LINE      CODE     ---       #775
      00FF835FH   LINE      CODE     ---       #776
      00FF836AH   LINE      CODE     ---       #777
      00FF836DH   LINE      CODE     ---       #778
      00FF8377H   LINE      CODE     ---       #779
      00FF8387H   LINE      CODE     ---       #780
      00FF8397H   LINE      CODE     ---       #781
      ---         BLOCKEND  ---      ---       LVL=0

      ---         MODULE    ---      ---       lcd_init
      00FF850AH   PUBLIC    CODE     ---       LCD_Address_Set
      00FF84BBH   PUBLIC    CODE     ---       LCD_Fill
      00FF7BFFH   PUBLIC    CODE     ---       LCD_Init
      00FF85D2H   PUBLIC    CODE     ---       delay_ms
      00FF8650H   PUBLIC    CODE     ---       LCD_SetCursor
      00000004H   PUBLIC    EDATA    BYTE      ?LCD_Fill?BYTE
      000000D0H   SFRSYM    DATA     BYTE      PSW
      0000009DH   SFRSYM    DATA     BYTE      IRCBAND
      00000097H   SFRSYM    DATA     BYTE      AUXR2
      000000EFH   SFRSYM    DATA     BYTE      AUXINTIF
      000000FDH   SFRSYM    DATA     BYTE      S4CON
      000000ACH   SFRSYM    DATA     BYTE      S3CON
      0000009AH   SFRSYM    DATA     BYTE      S2CON
L251 LINKER/LOCATER V4.66.93.0                                                        11/29/2024  15:02:27  PAGE 20


      000000B7H   SFRSYM    DATA     BYTE      IPH
      000000CDH   SFRSYM    DATA     BYTE      SPSTAT
      000000DDH   SFRSYM    DATA     BYTE      T4T3M
      000000C1H   SFRSYM    DATA     BYTE      WDT_CONTR
      000000DFH   SFRSYM    DATA     BYTE      IP3
      000000F4H   SFRSYM    DATA     BYTE      USBCON
      000000B5H   SFRSYM    DATA     BYTE      IP2
      000000FFH   SFRSYM    DATA     BYTE      RSTCFG
      000000C7H   SFRSYM    DATA     BYTE      IAP_CONTR
      000000F9H   SFRSYM    DATA     BYTE      LINICR
      0000008EH   SFRSYM    DATA     BYTE      AUXR
      000000AFH   SFRSYM    DATA     BYTE      IE2
      00000088H   SFRSYM    DATA     BYTE      TCON
      00000089H   SFRSYM    DATA     BYTE      TMOD
      00000098H   SFRSYM    DATA     BYTE      SCON
      000000F1H   SFRSYM    DATA     BYTE      CANICR
      00000087H   SFRSYM    DATA     BYTE      PCON
      000000BCH   SFRSYM    DATA     BYTE      ADC_CONTR
      000000E7H   SFRSYM    DATA     BYTE      CMPCR2
      000000E6H   SFRSYM    DATA     BYTE      CMPCR1
      000000A0H.2 SFRSYM    DATA     BIT       LCD_RES
      000000DEH   SFRSYM    DATA     BYTE      ADCCFG
      000000B8H   SFRSYM    DATA     BYTE      IP
      0000008FH   SFRSYM    DATA     BYTE      INTCLKO
      000000EEH   SFRSYM    DATA     BYTE      IP3H
      000000B6H   SFRSYM    DATA     BYTE      IP2H
      000000A8H   SFRSYM    DATA     BYTE      IE
      000000BBH   SFRSYM    DATA     BYTE      P_SW3
      000000A0H.5 SFRSYM    DATA     BIT       LCD_BLK
      000000BAH   SFRSYM    DATA     BYTE      P_SW2
      000000A2H   SFRSYM    DATA     BYTE      P_SW1
      000000CEH   SFRSYM    DATA     BYTE      SPCTL
      000000F8H   SFRSYM    DATA     BYTE      P7
      000000E8H   SFRSYM    DATA     BYTE      P6
      000000C8H   SFRSYM    DATA     BYTE      P5
      000000C0H   SFRSYM    DATA     BYTE      P4
      000000B0H   SFRSYM    DATA     BYTE      P3
      000000A0H   SFRSYM    DATA     BYTE      P2
      00000090H   SFRSYM    DATA     BYTE      P1
      00000080H   SFRSYM    DATA     BYTE      P0

      00FF85D2H   BLOCK     CODE     ---       LVL=0
      WR4         REGSYM    ---      WORD      ms
      00FF85D4H   BLOCK     CODE     NEAR LAB  LVL=1
      WR6         REGSYM    ---      WORD      i
      ---         BLOCKEND  ---      ---       LVL=1
      00FF85D2H   LINE      CODE     ---       #9
      00FF85D4H   LINE      CODE     ---       #10
      00FF85D4H   LINE      CODE     ---       #12
      00FF85D4H   LINE      CODE     ---       #13
      00FF85D8H   LINE      CODE     ---       #14
      00FF85E0H   LINE      CODE     ---       #15
      00FF85E8H   LINE      CODE     ---       #16
      ---         BLOCKEND  ---      ---       LVL=0

      00FF8650H   BLOCK     CODE     ---       LVL=0
      WR2         REGSYM    ---      WORD      x
      WR0         REGSYM    ---      WORD      y
      00FF8650H   LINE      CODE     ---       #24
      00FF8654H   LINE      CODE     ---       #26
      ---         BLOCKEND  ---      ---       LVL=0

      00FF850AH   BLOCK     CODE     ---       LVL=0
      00000027H   SYMBOL    EDATA    WORD      xs
      00000029H   SYMBOL    EDATA    WORD      ys
L251 LINKER/LOCATER V4.66.93.0                                                        11/29/2024  15:02:27  PAGE 21


      WR12        REGSYM    ---      WORD      xe
      WR14        REGSYM    ---      WORD      ye
      00FF850AH   LINE      CODE     ---       #37
      00FF8518H   LINE      CODE     ---       #39
      00FF8518H   LINE      CODE     ---       #41
      00FF8518H   LINE      CODE     ---       #49
      00FF8518H   LINE      CODE     ---       #51
      00FF8518H   LINE      CODE     ---       #61
      00FF851DH   LINE      CODE     ---       #62
      00FF8528H   LINE      CODE     ---       #63
      00FF8531H   LINE      CODE     ---       #64
      00FF8536H   LINE      CODE     ---       #65
      00FF8541H   LINE      CODE     ---       #66
      00FF854AH   LINE      CODE     ---       #67
      00FF854FH   LINE      CODE     ---       #68
      00FF854FH   LINE      CODE     ---       #71
      00FF854FH   LINE      CODE     ---       #78
      00FF854FH   LINE      CODE     ---       #79
      ---         BLOCKEND  ---      ---       LVL=0

      00FF84BBH   BLOCK     CODE     ---       LVL=0
      00000008H   SYMBOL    EDATA    WORD      xs
      0000000AH   SYMBOL    EDATA    WORD      ys
      WR14        REGSYM    ---      WORD      xe
      WR12        REGSYM    ---      WORD      ye
      0000000CH   SYMBOL    EDATA    WORD      color
      00FF84C9H   BLOCK     CODE     NEAR LAB  LVL=1
      0000000EH   SYMBOL    EDATA    WORD      i
      00000010H   SYMBOL    EDATA    WORD      j
      ---         BLOCKEND  ---      ---       LVL=1
      00FF84BBH   LINE      CODE     ---       #89
      00FF84C9H   LINE      CODE     ---       #90
      00FF84C9H   LINE      CODE     ---       #92
      00FF84D4H   LINE      CODE     ---       #93
      00FF84DAH   LINE      CODE     ---       #95
      00FF84E0H   LINE      CODE     ---       #97
      00FF84E7H   LINE      CODE     ---       #98
      00FF84F7H   LINE      CODE     ---       #99
      00FF8507H   LINE      CODE     ---       #100
      ---         BLOCKEND  ---      ---       LVL=0

      00FF7BFFH   BLOCK     CODE     ---       LVL=0
      00FF7BFFH   LINE      CODE     ---       #107
      00FF7BFFH   LINE      CODE     ---       #109
      00FF7C02H   LINE      CODE     ---       #110
      00FF7C04H   LINE      CODE     ---       #111
      00FF7C0BH   LINE      CODE     ---       #112
      00FF7C0DH   LINE      CODE     ---       #113
      00FF7C14H   LINE      CODE     ---       #114
      00FF7C16H   LINE      CODE     ---       #115
      00FF7C1DH   LINE      CODE     ---       #116
      00FF7C1FH   LINE      CODE     ---       #118
      00FF7C24H   LINE      CODE     ---       #119
      00FF7C2BH   LINE      CODE     ---       #121
      00FF7C30H   LINE      CODE     ---       #122
      00FF7C35H   LINE      CODE     ---       #123
      00FF7C3AH   LINE      CODE     ---       #124
      00FF7C3EH   LINE      CODE     ---       #125
      00FF7C43H   LINE      CODE     ---       #126
      00FF7C48H   LINE      CODE     ---       #128
      00FF7C4DH   LINE      CODE     ---       #129
      00FF7C51H   LINE      CODE     ---       #130
      00FF7C56H   LINE      CODE     ---       #132
      00FF7C5BH   LINE      CODE     ---       #133
      00FF7C5BH   LINE      CODE     ---       #134
L251 LINKER/LOCATER V4.66.93.0                                                        11/29/2024  15:02:27  PAGE 22


      00FF7C5BH   LINE      CODE     ---       #135
      00FF7C60H   LINE      CODE     ---       #136
      00FF7C60H   LINE      CODE     ---       #138
      00FF7C65H   LINE      CODE     ---       #139
      00FF7C6AH   LINE      CODE     ---       #141
      00FF7C6FH   LINE      CODE     ---       #142
      00FF7C74H   LINE      CODE     ---       #144
      00FF7C79H   LINE      CODE     ---       #145
      00FF7C7EH   LINE      CODE     ---       #147
      00FF7C83H   LINE      CODE     ---       #148
      00FF7C88H   LINE      CODE     ---       #150
      00FF7C8DH   LINE      CODE     ---       #151
      00FF7C92H   LINE      CODE     ---       #153
      00FF7C97H   LINE      CODE     ---       #154
      00FF7C9CH   LINE      CODE     ---       #156
      00FF7CA1H   LINE      CODE     ---       #157
      00FF7CA6H   LINE      CODE     ---       #159
      00FF7CABH   LINE      CODE     ---       #160
      00FF7CB0H   LINE      CODE     ---       #162
      00FF7CB5H   LINE      CODE     ---       #163
      00FF7CBAH   LINE      CODE     ---       #164
      00FF7CBFH   LINE      CODE     ---       #166
      00FF7CC4H   LINE      CODE     ---       #167
      00FF7CC9H   LINE      CODE     ---       #169
      00FF7CCEH   LINE      CODE     ---       #170
      00FF7CD3H   LINE      CODE     ---       #171
      00FF7CD8H   LINE      CODE     ---       #172
      00FF7CDDH   LINE      CODE     ---       #173
      00FF7CE2H   LINE      CODE     ---       #174
      00FF7CE7H   LINE      CODE     ---       #175
      00FF7CECH   LINE      CODE     ---       #176
      00FF7CF1H   LINE      CODE     ---       #177
      00FF7CF6H   LINE      CODE     ---       #178
      00FF7CFBH   LINE      CODE     ---       #179
      00FF7D00H   LINE      CODE     ---       #180
      00FF7D05H   LINE      CODE     ---       #181
      00FF7D0AH   LINE      CODE     ---       #182
      00FF7D0FH   LINE      CODE     ---       #183
      00FF7D14H   LINE      CODE     ---       #185
      00FF7D19H   LINE      CODE     ---       #186
      00FF7D1EH   LINE      CODE     ---       #187
      00FF7D23H   LINE      CODE     ---       #188
      00FF7D28H   LINE      CODE     ---       #189
      00FF7D2DH   LINE      CODE     ---       #190
      00FF7D32H   LINE      CODE     ---       #191
      00FF7D37H   LINE      CODE     ---       #192
      00FF7D3CH   LINE      CODE     ---       #193
      00FF7D41H   LINE      CODE     ---       #194
      00FF7D46H   LINE      CODE     ---       #195
      00FF7D4BH   LINE      CODE     ---       #196
      00FF7D50H   LINE      CODE     ---       #197
      00FF7D55H   LINE      CODE     ---       #198
      00FF7D5AH   LINE      CODE     ---       #199
      00FF7D5FH   LINE      CODE     ---       #200
      00FF7D64H   LINE      CODE     ---       #201
      00FF7D6BH   LINE      CODE     ---       #202
      ---         BLOCKEND  ---      ---       LVL=0

      ---         MODULE    ---      ---       spi
      00FF8640H   PUBLIC    CODE     ---       LCD_WR_DATA8
      00FF8648H   PUBLIC    CODE     ---       LCD_WR_REG
      00FF85FFH   PUBLIC    CODE     ---       LCD_WR_DATA
      00FF8599H   PUBLIC    CODE     ---       LCD_WR_Bus
      00FF8657H   PUBLIC    CODE     ---       LCD_GPIOInit
      000000D0H   SFRSYM    DATA     BYTE      PSW
L251 LINKER/LOCATER V4.66.93.0                                                        11/29/2024  15:02:27  PAGE 23


      0000009DH   SFRSYM    DATA     BYTE      IRCBAND
      00000097H   SFRSYM    DATA     BYTE      AUXR2
      000000A0H.1 SFRSYM    DATA     BIT       LCD_MOSI
      000000EFH   SFRSYM    DATA     BYTE      AUXINTIF
      000000FDH   SFRSYM    DATA     BYTE      S4CON
      000000ACH   SFRSYM    DATA     BYTE      S3CON
      0000009AH   SFRSYM    DATA     BYTE      S2CON
      000000B7H   SFRSYM    DATA     BYTE      IPH
      000000CDH   SFRSYM    DATA     BYTE      SPSTAT
      000000DDH   SFRSYM    DATA     BYTE      T4T3M
      000000C1H   SFRSYM    DATA     BYTE      WDT_CONTR
      000000DFH   SFRSYM    DATA     BYTE      IP3
      000000F4H   SFRSYM    DATA     BYTE      USBCON
      000000B5H   SFRSYM    DATA     BYTE      IP2
      000000FFH   SFRSYM    DATA     BYTE      RSTCFG
      000000A0H.4 SFRSYM    DATA     BIT       LCD_CS
      000000C7H   SFRSYM    DATA     BYTE      IAP_CONTR
      000000F9H   SFRSYM    DATA     BYTE      LINICR
      0000008EH   SFRSYM    DATA     BYTE      AUXR
      000000AFH   SFRSYM    DATA     BYTE      IE2
      000000A0H.3 SFRSYM    DATA     BIT       LCD_DC
      00000088H   SFRSYM    DATA     BYTE      TCON
      00000089H   SFRSYM    DATA     BYTE      TMOD
      00000098H   SFRSYM    DATA     BYTE      SCON
      000000F1H   SFRSYM    DATA     BYTE      CANICR
      00000087H   SFRSYM    DATA     BYTE      PCON
      000000BCH   SFRSYM    DATA     BYTE      ADC_CONTR
      000000E7H   SFRSYM    DATA     BYTE      CMPCR2
      000000E6H   SFRSYM    DATA     BYTE      CMPCR1
      000000DEH   SFRSYM    DATA     BYTE      ADCCFG
      000000B8H   SFRSYM    DATA     BYTE      IP
      0000008FH   SFRSYM    DATA     BYTE      INTCLKO
      000000A0H.0 SFRSYM    DATA     BIT       LCD_SCK
      000000EEH   SFRSYM    DATA     BYTE      IP3H
      000000B6H   SFRSYM    DATA     BYTE      IP2H
      000000A8H   SFRSYM    DATA     BYTE      IE
      000000BBH   SFRSYM    DATA     BYTE      P_SW3
      000000BAH   SFRSYM    DATA     BYTE      P_SW2
      000000A2H   SFRSYM    DATA     BYTE      P_SW1
      000000CEH   SFRSYM    DATA     BYTE      SPCTL
      000000F8H   SFRSYM    DATA     BYTE      P7
      000000E8H   SFRSYM    DATA     BYTE      P6
      000000C8H   SFRSYM    DATA     BYTE      P5
      000000C0H   SFRSYM    DATA     BYTE      P4
      000000B0H   SFRSYM    DATA     BYTE      P3
      000000A0H   SFRSYM    DATA     BYTE      P2
      00000090H   SFRSYM    DATA     BYTE      P1
      00000080H   SFRSYM    DATA     BYTE      P0

      00FF8657H   BLOCK     CODE     ---       LVL=0
      00FF8657H   LINE      CODE     ---       #3
      00FF8657H   LINE      CODE     ---       #9
      ---         BLOCKEND  ---      ---       LVL=0

      00FF8599H   BLOCK     CODE     ---       LVL=0
      R6          REGSYM    ---      BYTE      dat
      00FF859BH   BLOCK     CODE     NEAR LAB  LVL=1
      R7          REGSYM    ---      BYTE      i
      ---         BLOCKEND  ---      ---       LVL=1
      00FF8599H   LINE      CODE     ---       #16
      00FF859BH   LINE      CODE     ---       #17
      00FF859BH   LINE      CODE     ---       #19
      00FF859DH   LINE      CODE     ---       #20
      00FF85A0H   LINE      CODE     ---       #22
      00FF85A2H   LINE      CODE     ---       #23
L251 LINKER/LOCATER V4.66.93.0                                                        11/29/2024  15:02:27  PAGE 24


      00FF85A7H   LINE      CODE     ---       #25
      00FF85A9H   LINE      CODE     ---       #26
      00FF85ABH   LINE      CODE     ---       #29
      00FF85ADH   LINE      CODE     ---       #30
      00FF85ADH   LINE      CODE     ---       #31
      00FF85AFH   LINE      CODE     ---       #32
      00FF85B1H   LINE      CODE     ---       #33
      00FF85B5H   LINE      CODE     ---       #34
      00FF85B7H   LINE      CODE     ---       #35
      ---         BLOCKEND  ---      ---       LVL=0

      00FF8648H   BLOCK     CODE     ---       LVL=0
      R7          REGSYM    ---      BYTE      reg
      00FF8648H   LINE      CODE     ---       #42
      00FF8648H   LINE      CODE     ---       #44
      00FF864AH   LINE      CODE     ---       #45
      00FF864DH   LINE      CODE     ---       #46
      00FF864FH   LINE      CODE     ---       #47
      ---         BLOCKEND  ---      ---       LVL=0

      00FF8640H   BLOCK     CODE     ---       LVL=0
      R7          REGSYM    ---      BYTE      dat
      00FF8640H   LINE      CODE     ---       #54
      00FF8640H   LINE      CODE     ---       #56
      00FF8642H   LINE      CODE     ---       #57
      00FF8645H   LINE      CODE     ---       #58
      00FF8647H   LINE      CODE     ---       #59
      ---         BLOCKEND  ---      ---       LVL=0

      00FF85FFH   BLOCK     CODE     ---       LVL=0
      WR14        REGSYM    ---      WORD      dat
      00FF85FFH   LINE      CODE     ---       #66
      00FF8603H   LINE      CODE     ---       #68
      00FF8605H   LINE      CODE     ---       #69
      00FF860AH   LINE      CODE     ---       #70
      00FF860FH   LINE      CODE     ---       #71
      00FF8611H   LINE      CODE     ---       #72
      ---         BLOCKEND  ---      ---       LVL=0

      ---         MODULE    ---      ---       ?C?FPMUL
      00FF6F55H   PUBLIC    CODE     ---       ?C?FPMUL

      ---         MODULE    ---      ---       ?C?FCAST
      00FF6FFFH   PUBLIC    CODE     NEAR LAB  ?C?FCASTC
      00FF6FFAH   PUBLIC    CODE     NEAR LAB  ?C?FCASTI
      00FF6FF5H   PUBLIC    CODE     NEAR LAB  ?C?FCASTL

      ---         MODULE    ---      ---       ?C?CASTF
      00FF7032H   PUBLIC    CODE     NEAR LAB  ?C?CASTF

      ---         MODULE    ---      ---       ?C?FPGETOPN
      00FF706FH   PUBLIC    CODE     ---       ?C?FPGETOPN2
      00FF70ACH   PUBLIC    CODE     ---       ?C?FPNANRESULT
      00FF70B4H   PUBLIC    CODE     ---       ?C?FPOVERFLOW
      00FF7088H   PUBLIC    CODE     ---       ?C?FPRESULT
      00FF709EH   PUBLIC    CODE     ---       ?C?FPRESULT2
      00FF70B1H   PUBLIC    CODE     ---       ?C?FPUNDERFLOW

      ---         MODULE    ---      ---       ?C_START
      00FF0000H   PUBLIC    CODE     ---       ?C?STARTUP
      00FF0000H   PUBLIC    CODE     ---       ?C_STARTUP

      ---         MODULE    ---      ---       ?C?SIDIV
      00FF70C0H   PUBLIC    CODE     ---       ?C?SIDIV

L251 LINKER/LOCATER V4.66.93.0                                                        11/29/2024  15:02:27  PAGE 25


      ---         MODULE    ---      ---       ?C?LMUL
      00FF70F2H   PUBLIC    CODE     ---       ?C?LMUL

      ---         MODULE    ---      ---       ?C?ULDIV
      00FF7105H   PUBLIC    CODE     NEAR LAB  ?C?ULDIV
      00FF7103H   PUBLIC    CODE     NEAR LAB  ?C?ULIDIV

      ---         MODULE    ---      ---       STRLEN
      00FF8632H   PUBLIC    CODE     ---       strlen?_



*** WARNING L57: UNCALLED FUNCTION, IGNORED FOR OVERLAY PROCESS
    NAME:    LCD_DrawTriangel/lcd

*** WARNING L57: UNCALLED FUNCTION, IGNORED FOR OVERLAY PROCESS
    NAME:    LCD_ShowFloatNum/lcd

*** WARNING L57: UNCALLED FUNCTION, IGNORED FOR OVERLAY PROCESS
    NAME:    LCD_ShowNum/lcd

*** WARNING L57: UNCALLED FUNCTION, IGNORED FOR OVERLAY PROCESS
    NAME:    LCD_DrawCircle/lcd

*** WARNING L57: UNCALLED FUNCTION, IGNORED FOR OVERLAY PROCESS
    NAME:    LCD_StrCenter/lcd

*** WARNING L57: UNCALLED FUNCTION, IGNORED FOR OVERLAY PROCESS
    NAME:    LCD_DrawRectangle/lcd

*** WARNING L57: UNCALLED FUNCTION, IGNORED FOR OVERLAY PROCESS
    NAME:    LCD_DrawFillRectangle/lcd

Program Size: data=8.0 edata+hdata=406 xdata=0 const=9491 code=34392
L251 RUN COMPLETE.  7 WARNING(S),  0 ERROR(S)
